2026-08-19 16:19:35,732 INFO    backend.orchestrator: Restored roster from .swarmchat\roster.json: 4 active model(s)
2026-08-19 16:19:35,733 INFO    backend.tools: Workspace clean: {'success': True, 'project_id': 'default_project', 'orphan_workspaces_trashed': [], 'stale_files_trashed': [], 'pycache_dirs_removed': 0, 'max_age_days': 7.0}
INFO:     Started server process [9108]
INFO:     Waiting for application startup.
INFO:     Application startup complete.
INFO:     Uvicorn running on http://127.0.0.1:8000 (Press CTRL+C to quit)
2026-08-19 16:21:59,689 INFO    backend.main: Frontend bundle rebuilt
2026-08-19 16:51:16,996 INFO    httpx: HTTP Request: GET http://localhost:11434/api/version "HTTP/1.1 200 OK"
2026-08-19 16:51:18,998 INFO    httpx: HTTP Request: GET http://localhost:11434/api/version "HTTP/1.1 200 OK"
2026-08-19 16:51:19,784 INFO    httpx: HTTP Request: GET http://localhost:11434/api/version "HTTP/1.1 200 OK"
2026-08-19 16:51:20,691 INFO    httpx: HTTP Request: GET http://localhost:11434/api/version "HTTP/1.1 200 OK"
2026-08-19 16:51:22,787 INFO    httpx: HTTP Request: GET http://localhost:11434/api/version "HTTP/1.1 200 OK"
2026-08-19 16:51:22,921 INFO    httpx: HTTP Request: GET http://localhost:11434/api/tags "HTTP/1.1 200 OK"
2026-08-19 16:51:25,796 INFO    httpx: HTTP Request: GET http://localhost:11434/api/version "HTTP/1.1 200 OK"
2026-08-19 16:51:25,849 INFO    httpx: HTTP Request: GET http://localhost:11434/api/version "HTTP/1.1 200 OK"
2026-08-19 16:51:27,478 INFO    httpx: HTTP Request: GET http://localhost:11434/api/version "HTTP/1.1 200 OK"
2026-08-19 16:51:28,792 INFO    httpx: HTTP Request: GET http://localhost:11434/api/version "HTTP/1.1 200 OK"
2026-08-19 16:51:29,660 INFO    httpx: HTTP Request: GET http://localhost:11434/api/tags "HTTP/1.1 200 OK"
2026-08-19 16:51:31,350 INFO    httpx: HTTP Request: GET http://localhost:11434/api/version "HTTP/1.1 200 OK"
2026-08-19 16:51:31,784 INFO    httpx: HTTP Request: GET http://localhost:11434/api/version "HTTP/1.1 200 OK"
2026-08-19 16:51:33,032 INFO    httpx: HTTP Request: GET http://localhost:11434/api/version "HTTP/1.1 200 OK"
2026-08-19 16:51:34,835 INFO    httpx: HTTP Request: GET http://localhost:11434/api/version "HTTP/1.1 200 OK"
2026-08-19 16:51:35,273 INFO    httpx: HTTP Request: GET http://localhost:11434/api/tags "HTTP/1.1 200 OK"
2026-08-19 16:51:36,961 INFO    httpx: HTTP Request: GET http://localhost:11434/api/version "HTTP/1.1 200 OK"
2026-08-19 16:51:37,789 INFO    httpx: HTTP Request: GET http://localhost:11434/api/version "HTTP/1.1 200 OK"
2026-08-19 16:51:38,649 INFO    httpx: HTTP Request: GET http://localhost:11434/api/version "HTTP/1.1 200 OK"
2026-08-19 16:51:40,192 INFO    httpx: HTTP Request: GET http://localhost:11434/api/version "HTTP/1.1 200 OK"
2026-08-19 16:51:40,842 INFO    httpx: HTTP Request: GET http://localhost:11434/api/tags "HTTP/1.1 200 OK"
2026-08-19 16:51:41,915 INFO    httpx: HTTP Request: GET http://localhost:11434/api/version "HTTP/1.1 200 OK"
2026-08-19 16:51:42,540 INFO    httpx: HTTP Request: GET http://localhost:11434/api/version "HTTP/1.1 200 OK"
2026-08-19 16:51:43,327 INFO    backend.orchestrator: Switched project 'default_project' -> 'test'
2026-08-19 16:51:43,789 INFO    httpx: HTTP Request: GET http://localhost:11434/api/version "HTTP/1.1 200 OK"
2026-08-19 16:51:44,228 INFO    httpx: HTTP Request: GET http://localhost:11434/api/version "HTTP/1.1 200 OK"
2026-08-19 16:51:45,514 INFO    httpx: HTTP Request: GET http://localhost:11434/api/version "HTTP/1.1 200 OK"
2026-08-19 16:51:46,479 INFO    httpx: HTTP Request: GET http://localhost:11434/api/tags "HTTP/1.1 200 OK"
2026-08-19 16:51:47,238 INFO    httpx: HTTP Request: GET http://localhost:11434/api/version "HTTP/1.1 200 OK"
2026-08-19 16:51:48,167 INFO    httpx: HTTP Request: GET http://localhost:11434/api/version "HTTP/1.1 200 OK"
2026-08-19 16:51:49,849 INFO    httpx: HTTP Request: GET http://localhost:11434/api/version "HTTP/1.1 200 OK"
2026-08-19 16:51:49,918 INFO    httpx: HTTP Request: GET http://localhost:11434/api/version "HTTP/1.1 200 OK"
2026-08-19 16:51:52,103 INFO    httpx: HTTP Request: GET http://localhost:11434/api/tags "HTTP/1.1 200 OK"
2026-08-19 16:51:52,787 INFO    httpx: HTTP Request: GET http://localhost:11434/api/version "HTTP/1.1 200 OK"
2026-08-19 16:51:53,791 INFO    httpx: HTTP Request: GET http://localhost:11434/api/version "HTTP/1.1 200 OK"
2026-08-19 16:51:55,474 INFO    httpx: HTTP Request: GET http://localhost:11434/api/version "HTTP/1.1 200 OK"
2026-08-19 16:51:55,794 INFO    httpx: HTTP Request: GET http://localhost:11434/api/version "HTTP/1.1 200 OK"
2026-08-19 16:51:57,658 INFO    httpx: HTTP Request: GET http://localhost:11434/api/tags "HTTP/1.1 200 OK"
2026-08-19 16:51:58,785 INFO    httpx: HTTP Request: GET http://localhost:11434/api/version "HTTP/1.1 200 OK"
2026-08-19 16:51:59,347 INFO    httpx: HTTP Request: GET http://localhost:11434/api/version "HTTP/1.1 200 OK"
2026-08-19 16:52:01,032 INFO    httpx: HTTP Request: GET http://localhost:11434/api/version "HTTP/1.1 200 OK"
2026-08-19 16:52:01,824 INFO    httpx: HTTP Request: GET http://localhost:11434/api/version "HTTP/1.1 200 OK"
2026-08-19 16:52:01,931 INFO    httpx: HTTP Request: GET http://localhost:11434/api/version "HTTP/1.1 200 OK"
2026-08-19 16:52:03,217 INFO    httpx: HTTP Request: GET http://localhost:11434/api/tags "HTTP/1.1 200 OK"
2026-08-19 16:52:03,693 INFO    httpx: HTTP Request: GET http://localhost:11434/api/version "HTTP/1.1 200 OK"
2026-08-19 16:52:03,708 INFO    httpx: HTTP Request: GET http://localhost:11434/api/version "HTTP/1.1 200 OK"
2026-08-19 16:52:04,936 INFO    httpx: HTTP Request: GET http://localhost:11434/api/version "HTTP/1.1 200 OK"
2026-08-19 16:52:05,099 INFO    httpx: HTTP Request: GET http://localhost:11434/api/version "HTTP/1.1 200 OK"
2026-08-19 16:52:05,446 INFO    httpx: HTTP Request: GET http://localhost:11434/api/version "HTTP/1.1 200 OK"
2026-08-19 16:52:05,961 INFO    httpx: HTTP Request: GET http://localhost:11434/api/tags "HTTP/1.1 200 OK"
2026-08-19 16:52:06,622 INFO    httpx: HTTP Request: GET http://localhost:11434/api/version "HTTP/1.1 200 OK"
2026-08-19 16:52:07,252 INFO    httpx: HTTP Request: GET http://localhost:11434/api/version "HTTP/1.1 200 OK"
2026-08-19 16:52:07,680 INFO    httpx: HTTP Request: GET http://localhost:11434/api/tags "HTTP/1.1 200 OK"
2026-08-19 16:52:07,780 INFO    httpx: HTTP Request: GET http://localhost:11434/api/version "HTTP/1.1 200 OK"
2026-08-19 16:52:08,806 INFO    httpx: HTTP Request: GET http://localhost:11434/api/tags "HTTP/1.1 200 OK"
2026-08-19 16:52:09,009 INFO    httpx: HTTP Request: GET http://localhost:11434/api/version "HTTP/1.1 200 OK"
2026-08-19 16:52:09,009 INFO    httpx: HTTP Request: GET http://localhost:11434/api/version "HTTP/1.1 200 OK"
2026-08-19 16:52:10,492 INFO    httpx: HTTP Request: GET http://localhost:11434/api/version "HTTP/1.1 200 OK"
2026-08-19 16:52:10,805 INFO    httpx: HTTP Request: GET http://localhost:11434/api/version "HTTP/1.1 200 OK"
2026-08-19 16:52:10,867 INFO    httpx: HTTP Request: GET http://localhost:11434/api/version "HTTP/1.1 200 OK"
2026-08-19 16:52:11,285 INFO    httpx: HTTP Request: GET http://localhost:11434/api/tags "HTTP/1.1 200 OK"
2026-08-19 16:52:12,180 INFO    httpx: HTTP Request: GET http://localhost:11434/api/version "HTTP/1.1 200 OK"
2026-08-19 16:52:12,938 INFO    httpx: HTTP Request: GET http://localhost:11434/api/version "HTTP/1.1 200 OK"
2026-08-19 16:52:12,993 INFO    httpx: HTTP Request: GET http://localhost:11434/api/tags "HTTP/1.1 200 OK"
2026-08-19 16:52:14,411 INFO    httpx: HTTP Request: GET http://localhost:11434/api/tags "HTTP/1.1 200 OK"
2026-08-19 16:52:14,495 INFO    httpx: HTTP Request: GET http://localhost:11434/api/version "HTTP/1.1 200 OK"
2026-08-19 16:52:14,672 INFO    httpx: HTTP Request: GET http://localhost:11434/api/version "HTTP/1.1 200 OK"
2026-08-19 16:52:16,162 INFO    httpx: HTTP Request: GET http://localhost:11434/api/version "HTTP/1.1 200 OK"
2026-08-19 16:52:16,263 INFO    httpx: HTTP Request: GET http://localhost:11434/api/version "HTTP/1.1 200 OK"
2026-08-19 16:52:16,339 INFO    httpx: HTTP Request: GET http://localhost:11434/api/version "HTTP/1.1 200 OK"
2026-08-19 16:52:17,897 INFO    httpx: HTTP Request: GET http://localhost:11434/api/version "HTTP/1.1 200 OK"
2026-08-19 16:52:18,107 INFO    httpx: HTTP Request: GET http://localhost:11434/api/version "HTTP/1.1 200 OK"
2026-08-19 16:52:18,541 INFO    httpx: HTTP Request: GET http://localhost:11434/api/tags "HTTP/1.1 200 OK"
2026-08-19 16:52:19,849 INFO    httpx: HTTP Request: GET http://localhost:11434/api/version "HTTP/1.1 200 OK"
2026-08-19 16:52:23,456 INFO    httpx: HTTP Request: GET http://localhost:11434/api/version "HTTP/1.1 200 OK"
2026-08-19 16:52:25,190 INFO    httpx: HTTP Request: GET http://localhost:11434/api/version "HTTP/1.1 200 OK"
2026-08-19 16:52:26,913 INFO    httpx: HTTP Request: GET http://localhost:11434/api/version "HTTP/1.1 200 OK"
2026-08-19 16:52:33,943 INFO    httpx: HTTP Request: GET http://localhost:11434/api/version "HTTP/1.1 200 OK"
2026-08-19 16:52:35,664 INFO    httpx: HTTP Request: GET http://localhost:11434/api/version "HTTP/1.1 200 OK"
2026-08-19 16:52:37,386 INFO    httpx: HTTP Request: GET http://localhost:11434/api/version "HTTP/1.1 200 OK"
2026-08-19 16:52:39,108 INFO    httpx: HTTP Request: GET http://localhost:11434/api/version "HTTP/1.1 200 OK"
2026-08-19 16:52:41,869 INFO    backend.orchestrator: Empty generation from model_1787168976759; retrying once with a simplified prompt
2026-08-19 16:52:42,802 INFO    httpx: HTTP Request: GET http://localhost:11434/api/version "HTTP/1.1 200 OK"
2026-08-19 16:52:42,822 INFO    httpx: HTTP Request: GET http://localhost:11434/api/version "HTTP/1.1 200 OK"
2026-08-19 16:52:42,827 INFO    httpx: HTTP Request: GET http://localhost:11434/api/version "HTTP/1.1 200 OK"
2026-08-19 16:52:42,833 INFO    httpx: HTTP Request: GET http://localhost:11434/api/version "HTTP/1.1 200 OK"
2026-08-19 16:52:42,834 INFO    httpx: HTTP Request: GET http://localhost:11434/api/version "HTTP/1.1 200 OK"
2026-08-19 16:52:44,623 INFO    httpx: HTTP Request: GET http://localhost:11434/api/version "HTTP/1.1 200 OK"
2026-08-19 16:52:44,661 INFO    httpx: HTTP Request: GET http://localhost:11434/api/version "HTTP/1.1 200 OK"
2026-08-19 16:52:44,662 INFO    httpx: HTTP Request: GET http://localhost:11434/api/version "HTTP/1.1 200 OK"
2026-08-19 16:52:44,663 INFO    httpx: HTTP Request: GET http://localhost:11434/api/version "HTTP/1.1 200 OK"
2026-08-19 16:52:44,663 INFO    httpx: HTTP Request: GET http://localhost:11434/api/version "HTTP/1.1 200 OK"
2026-08-19 16:52:44,831 INFO    httpx: HTTP Request: GET http://localhost:11434/api/version "HTTP/1.1 200 OK"
2026-08-19 16:52:46,618 INFO    httpx: HTTP Request: GET http://localhost:11434/api/version "HTTP/1.1 200 OK"
2026-08-19 16:52:46,986 INFO    httpx: HTTP Request: GET http://localhost:11434/api/tags "HTTP/1.1 200 OK"
2026-08-19 16:52:47,005 INFO    httpx: HTTP Request: GET http://localhost:11434/api/tags "HTTP/1.1 200 OK"
2026-08-19 16:52:47,007 INFO    httpx: HTTP Request: GET http://localhost:11434/api/tags "HTTP/1.1 200 OK"
2026-08-19 16:52:47,011 INFO    httpx: HTTP Request: GET http://localhost:11434/api/tags "HTTP/1.1 200 OK"
2026-08-19 16:52:47,015 INFO    httpx: HTTP Request: GET http://localhost:11434/api/tags "HTTP/1.1 200 OK"
2026-08-19 16:52:48,793 INFO    httpx: HTTP Request: GET http://localhost:11434/api/version "HTTP/1.1 200 OK"
2026-08-19 16:52:48,814 INFO    httpx: HTTP Request: GET http://localhost:11434/api/tags "HTTP/1.1 200 OK"
2026-08-19 16:52:48,836 INFO    httpx: HTTP Request: GET http://localhost:11434/api/version "HTTP/1.1 200 OK"
2026-08-19 16:52:50,530 INFO    httpx: HTTP Request: GET http://localhost:11434/api/version "HTTP/1.1 200 OK"
2026-08-19 16:52:50,616 INFO    httpx: HTTP Request: GET http://localhost:11434/api/version "HTTP/1.1 200 OK"
2026-08-19 16:52:52,363 INFO    httpx: HTTP Request: GET http://localhost:11434/api/version "HTTP/1.1 200 OK"
2026-08-19 16:52:52,751 INFO    httpx: HTTP Request: GET http://localhost:11434/api/tags "HTTP/1.1 200 OK"
2026-08-19 16:52:54,095 INFO    httpx: HTTP Request: GET http://localhost:11434/api/version "HTTP/1.1 200 OK"
2026-08-19 16:52:54,440 INFO    httpx: HTTP Request: GET http://localhost:11434/api/version "HTTP/1.1 200 OK"
2026-08-19 16:52:55,821 INFO    httpx: HTTP Request: GET http://localhost:11434/api/version "HTTP/1.1 200 OK"
2026-08-19 16:52:56,128 INFO    httpx: HTTP Request: GET http://localhost:11434/api/version "HTTP/1.1 200 OK"
2026-08-19 16:52:57,546 INFO    httpx: HTTP Request: GET http://localhost:11434/api/version "HTTP/1.1 200 OK"
2026-08-19 16:52:58,329 INFO    httpx: HTTP Request: GET http://localhost:11434/api/tags "HTTP/1.1 200 OK"
2026-08-19 16:52:59,268 INFO    httpx: HTTP Request: GET http://localhost:11434/api/version "HTTP/1.1 200 OK"
2026-08-19 16:53:00,071 INFO    httpx: HTTP Request: GET http://localhost:11434/api/version "HTTP/1.1 200 OK"
2026-08-19 16:53:00,993 INFO    httpx: HTTP Request: GET http://localhost:11434/api/version "HTTP/1.1 200 OK"
2026-08-19 16:53:01,757 INFO    httpx: HTTP Request: GET http://localhost:11434/api/version "HTTP/1.1 200 OK"
2026-08-19 16:53:02,731 INFO    httpx: HTTP Request: GET http://localhost:11434/api/version "HTTP/1.1 200 OK"
2026-08-19 16:53:03,944 INFO    httpx: HTTP Request: GET http://localhost:11434/api/tags "HTTP/1.1 200 OK"
2026-08-19 16:53:04,453 INFO    httpx: HTTP Request: GET http://localhost:11434/api/version "HTTP/1.1 200 OK"
2026-08-19 16:53:05,632 INFO    httpx: HTTP Request: GET http://localhost:11434/api/version "HTTP/1.1 200 OK"
2026-08-19 16:53:06,177 INFO    httpx: HTTP Request: GET http://localhost:11434/api/version "HTTP/1.1 200 OK"
2026-08-19 16:53:07,316 INFO    httpx: HTTP Request: GET http://localhost:11434/api/version "HTTP/1.1 200 OK"
2026-08-19 16:53:07,913 INFO    httpx: HTTP Request: GET http://localhost:11434/api/version "HTTP/1.1 200 OK"
2026-08-19 16:53:09,502 INFO    httpx: HTTP Request: GET http://localhost:11434/api/tags "HTTP/1.1 200 OK"
2026-08-19 16:53:09,638 INFO    httpx: HTTP Request: GET http://localhost:11434/api/version "HTTP/1.1 200 OK"
2026-08-19 16:53:11,198 INFO    httpx: HTTP Request: GET http://localhost:11434/api/version "HTTP/1.1 200 OK"
2026-08-19 16:53:11,367 INFO    httpx: HTTP Request: GET http://localhost:11434/api/version "HTTP/1.1 200 OK"
2026-08-19 16:53:12,888 INFO    httpx: HTTP Request: GET http://localhost:11434/api/version "HTTP/1.1 200 OK"
2026-08-19 16:53:13,123 INFO    httpx: HTTP Request: GET http://localhost:11434/api/version "HTTP/1.1 200 OK"
2026-08-19 16:53:14,844 INFO    httpx: HTTP Request: GET http://localhost:11434/api/version "HTTP/1.1 200 OK"
2026-08-19 16:53:15,075 INFO    httpx: HTTP Request: GET http://localhost:11434/api/tags "HTTP/1.1 200 OK"
2026-08-19 16:53:16,577 INFO    httpx: HTTP Request: GET http://localhost:11434/api/version "HTTP/1.1 200 OK"
2026-08-19 16:53:16,771 INFO    httpx: HTTP Request: GET http://localhost:11434/api/version "HTTP/1.1 200 OK"
2026-08-19 16:53:18,316 INFO    httpx: HTTP Request: GET http://localhost:11434/api/version "HTTP/1.1 200 OK"
2026-08-19 16:53:18,471 INFO    httpx: HTTP Request: GET http://localhost:11434/api/version "HTTP/1.1 200 OK"
2026-08-19 16:53:19,256 INFO    httpx: HTTP Request: GET http://localhost:11434/api/version "HTTP/1.1 200 OK"
2026-08-19 16:53:20,092 INFO    httpx: HTTP Request: GET http://localhost:11434/api/version "HTTP/1.1 200 OK"
2026-08-19 16:53:20,693 INFO    httpx: HTTP Request: GET http://localhost:11434/api/tags "HTTP/1.1 200 OK"
2026-08-19 16:53:21,029 INFO    httpx: HTTP Request: GET http://localhost:11434/api/version "HTTP/1.1 200 OK"
2026-08-19 16:53:21,058 INFO    httpx: HTTP Request: GET http://localhost:11434/api/version "HTTP/1.1 200 OK"
2026-08-19 16:53:21,822 INFO    httpx: HTTP Request: GET http://localhost:11434/api/version "HTTP/1.1 200 OK"
2026-08-19 16:53:22,392 INFO    httpx: HTTP Request: GET http://localhost:11434/api/version "HTTP/1.1 200 OK"
2026-08-19 16:53:22,809 INFO    httpx: HTTP Request: GET http://localhost:11434/api/version "HTTP/1.1 200 OK"
2026-08-19 16:53:23,267 INFO    httpx: HTTP Request: GET http://localhost:11434/api/tags "HTTP/1.1 200 OK"
2026-08-19 16:53:23,546 INFO    httpx: HTTP Request: GET http://localhost:11434/api/version "HTTP/1.1 200 OK"
2026-08-19 16:53:24,079 INFO    httpx: HTTP Request: GET http://localhost:11434/api/version "HTTP/1.1 200 OK"
2026-08-19 16:53:24,469 INFO    httpx: HTTP Request: GET http://localhost:11434/api/version "HTTP/1.1 200 OK"
2026-08-19 16:53:25,032 INFO    httpx: HTTP Request: GET http://localhost:11434/api/tags "HTTP/1.1 200 OK"
2026-08-19 16:53:25,277 INFO    httpx: HTTP Request: GET http://localhost:11434/api/version "HTTP/1.1 200 OK"
2026-08-19 16:53:26,232 INFO    httpx: HTTP Request: GET http://localhost:11434/api/version "HTTP/1.1 200 OK"
2026-08-19 16:53:26,240 INFO    httpx: HTTP Request: GET http://localhost:11434/api/version "HTTP/1.1 200 OK"
2026-08-19 16:53:26,265 INFO    httpx: HTTP Request: GET http://localhost:11434/api/tags "HTTP/1.1 200 OK"
2026-08-19 16:53:27,012 INFO    httpx: HTTP Request: GET http://localhost:11434/api/version "HTTP/1.1 200 OK"
2026-08-19 16:53:27,953 INFO    httpx: HTTP Request: GET http://localhost:11434/api/version "HTTP/1.1 200 OK"
2026-08-19 16:53:28,023 INFO    httpx: HTTP Request: GET http://localhost:11434/api/version "HTTP/1.1 200 OK"
2026-08-19 16:53:28,048 INFO    httpx: HTTP Request: GET http://localhost:11434/api/version "HTTP/1.1 200 OK"
2026-08-19 16:53:28,539 INFO    httpx: HTTP Request: GET http://localhost:11434/api/tags "HTTP/1.1 200 OK"
2026-08-19 16:53:28,746 INFO    httpx: HTTP Request: GET http://localhost:11434/api/version "HTTP/1.1 200 OK"
2026-08-19 16:53:29,706 INFO    httpx: HTTP Request: GET http://localhost:11434/api/version "HTTP/1.1 200 OK"
2026-08-19 16:53:29,806 INFO    httpx: HTTP Request: GET http://localhost:11434/api/version "HTTP/1.1 200 OK"
2026-08-19 16:53:30,318 INFO    httpx: HTTP Request: GET http://localhost:11434/api/tags "HTTP/1.1 200 OK"
2026-08-19 16:53:30,469 INFO    httpx: HTTP Request: GET http://localhost:11434/api/version "HTTP/1.1 200 OK"
2026-08-19 16:53:31,377 INFO    httpx: HTTP Request: GET http://localhost:11434/api/version "HTTP/1.1 200 OK"
2026-08-19 16:53:31,988 INFO    httpx: HTTP Request: GET http://localhost:11434/api/tags "HTTP/1.1 200 OK"
2026-08-19 16:53:32,044 INFO    httpx: HTTP Request: GET http://localhost:11434/api/tags "HTTP/1.1 200 OK"
2026-08-19 16:53:32,203 INFO    httpx: HTTP Request: GET http://localhost:11434/api/version "HTTP/1.1 200 OK"
2026-08-19 16:53:33,132 INFO    httpx: HTTP Request: GET http://localhost:11434/api/version "HTTP/1.1 200 OK"
2026-08-19 16:53:33,138 INFO    httpx: HTTP Request: GET http://localhost:11434/api/version "HTTP/1.1 200 OK"
2026-08-19 16:53:33,747 INFO    httpx: HTTP Request: GET http://localhost:11434/api/version "HTTP/1.1 200 OK"
2026-08-19 16:53:33,925 INFO    httpx: HTTP Request: GET http://localhost:11434/api/version "HTTP/1.1 200 OK"
2026-08-19 16:53:34,892 INFO    httpx: HTTP Request: GET http://localhost:11434/api/version "HTTP/1.1 200 OK"
2026-08-19 16:53:35,408 INFO    httpx: HTTP Request: GET http://localhost:11434/api/tags "HTTP/1.1 200 OK"
2026-08-19 16:53:35,440 INFO    httpx: HTTP Request: GET http://localhost:11434/api/version "HTTP/1.1 200 OK"
2026-08-19 16:53:35,662 INFO    httpx: HTTP Request: GET http://localhost:11434/api/version "HTTP/1.1 200 OK"
2026-08-19 16:53:36,632 INFO    httpx: HTTP Request: GET http://localhost:11434/api/version "HTTP/1.1 200 OK"
2026-08-19 16:53:37,156 INFO    httpx: HTTP Request: GET http://localhost:11434/api/tags "HTTP/1.1 200 OK"
2026-08-19 16:53:37,628 INFO    httpx: HTTP Request: GET http://localhost:11434/api/tags "HTTP/1.1 200 OK"
2026-08-19 16:53:37,797 INFO    httpx: HTTP Request: GET http://localhost:11434/api/version "HTTP/1.1 200 OK"
2026-08-19 16:53:38,331 INFO    httpx: HTTP Request: GET http://localhost:11434/api/version "HTTP/1.1 200 OK"
2026-08-19 16:53:38,382 INFO    httpx: HTTP Request: GET http://localhost:11434/api/version "HTTP/1.1 200 OK"
2026-08-19 16:53:39,372 INFO    httpx: HTTP Request: GET http://localhost:11434/api/version "HTTP/1.1 200 OK"
2026-08-19 16:53:39,585 INFO    httpx: HTTP Request: GET http://localhost:11434/api/version "HTTP/1.1 200 OK"
2026-08-19 16:53:40,083 INFO    httpx: HTTP Request: GET http://localhost:11434/api/version "HTTP/1.1 200 OK"
2026-08-19 16:53:40,620 INFO    httpx: HTTP Request: GET http://localhost:11434/api/tags "HTTP/1.1 200 OK"
2026-08-19 16:53:41,059 INFO    httpx: HTTP Request: GET http://localhost:11434/api/version "HTTP/1.1 200 OK"
2026-08-19 16:53:41,311 INFO    httpx: HTTP Request: GET http://localhost:11434/api/version "HTTP/1.1 200 OK"
2026-08-19 16:53:41,876 INFO    httpx: HTTP Request: GET http://localhost:11434/api/version "HTTP/1.1 200 OK"
2026-08-19 16:53:42,355 INFO    httpx: HTTP Request: GET http://localhost:11434/api/tags "HTTP/1.1 200 OK"
2026-08-19 16:53:43,245 INFO    httpx: HTTP Request: GET http://localhost:11434/api/tags "HTTP/1.1 200 OK"
2026-08-19 16:53:43,578 INFO    httpx: HTTP Request: GET http://localhost:11434/api/version "HTTP/1.1 200 OK"
2026-08-19 16:53:43,629 INFO    httpx: HTTP Request: GET http://localhost:11434/api/version "HTTP/1.1 200 OK"
2026-08-19 16:53:43,812 INFO    httpx: HTTP Request: GET http://localhost:11434/api/version "HTTP/1.1 200 OK"
2026-08-19 16:53:44,949 INFO    httpx: HTTP Request: GET http://localhost:11434/api/version "HTTP/1.1 200 OK"
2026-08-19 16:53:45,337 INFO    httpx: HTTP Request: GET http://localhost:11434/api/version "HTTP/1.1 200 OK"
2026-08-19 16:53:45,892 INFO    httpx: HTTP Request: GET http://localhost:11434/api/tags "HTTP/1.1 200 OK"
2026-08-19 16:53:46,713 INFO    httpx: HTTP Request: GET http://localhost:11434/api/version "HTTP/1.1 200 OK"
2026-08-19 16:53:46,877 INFO    httpx: HTTP Request: GET http://localhost:11434/api/version "HTTP/1.1 200 OK"
2026-08-19 16:53:47,066 INFO    httpx: HTTP Request: GET http://localhost:11434/api/version "HTTP/1.1 200 OK"
2026-08-19 16:53:47,596 INFO    httpx: HTTP Request: GET http://localhost:11434/api/tags "HTTP/1.1 200 OK"
2026-08-19 16:53:48,735 INFO    httpx: HTTP Request: GET http://localhost:11434/api/version "HTTP/1.1 200 OK"
2026-08-19 16:53:48,786 INFO    httpx: HTTP Request: GET http://localhost:11434/api/version "HTTP/1.1 200 OK"
2026-08-19 16:53:48,918 INFO    httpx: HTTP Request: GET http://localhost:11434/api/tags "HTTP/1.1 200 OK"
2026-08-19 16:53:49,804 INFO    httpx: HTTP Request: GET http://localhost:11434/api/version "HTTP/1.1 200 OK"
2026-08-19 16:53:50,537 INFO    httpx: HTTP Request: GET http://localhost:11434/api/version "HTTP/1.1 200 OK"
2026-08-19 16:53:50,546 INFO    httpx: HTTP Request: GET http://localhost:11434/api/version "HTTP/1.1 200 OK"
2026-08-19 16:53:50,683 INFO    httpx: HTTP Request: GET http://localhost:11434/api/version "HTTP/1.1 200 OK"
2026-08-19 16:53:51,106 INFO    httpx: HTTP Request: GET http://localhost:11434/api/tags "HTTP/1.1 200 OK"
2026-08-19 16:53:52,287 INFO    httpx: HTTP Request: GET http://localhost:11434/api/version "HTTP/1.1 200 OK"
2026-08-19 16:53:52,399 INFO    httpx: HTTP Request: GET http://localhost:11434/api/version "HTTP/1.1 200 OK"
2026-08-19 16:53:52,780 INFO    httpx: HTTP Request: GET http://localhost:11434/api/tags "HTTP/1.1 200 OK"
2026-08-19 16:53:52,784 INFO    httpx: HTTP Request: GET http://localhost:11434/api/version "HTTP/1.1 200 OK"
2026-08-19 16:53:53,915 INFO    httpx: HTTP Request: GET http://localhost:11434/api/version "HTTP/1.1 200 OK"
2026-08-19 16:53:54,511 INFO    httpx: HTTP Request: GET http://localhost:11434/api/tags "HTTP/1.1 200 OK"
2026-08-19 16:53:54,616 INFO    httpx: HTTP Request: GET http://localhost:11434/api/tags "HTTP/1.1 200 OK"
2026-08-19 16:53:55,635 INFO    httpx: HTTP Request: GET http://localhost:11434/api/version "HTTP/1.1 200 OK"
2026-08-19 16:53:55,655 INFO    httpx: HTTP Request: GET http://localhost:11434/api/version "HTTP/1.1 200 OK"
2026-08-19 16:53:55,794 INFO    httpx: HTTP Request: GET http://localhost:11434/api/version "HTTP/1.1 200 OK"
2026-08-19 16:53:56,314 INFO    httpx: HTTP Request: GET http://localhost:11434/api/version "HTTP/1.1 200 OK"
2026-08-19 16:53:57,409 INFO    httpx: HTTP Request: GET http://localhost:11434/api/version "HTTP/1.1 200 OK"
2026-08-19 16:53:57,880 INFO    httpx: HTTP Request: GET http://localhost:11434/api/tags "HTTP/1.1 200 OK"
2026-08-19 16:53:58,006 INFO    httpx: HTTP Request: GET http://localhost:11434/api/version "HTTP/1.1 200 OK"
2026-08-19 16:53:58,800 INFO    httpx: HTTP Request: GET http://localhost:11434/api/version "HTTP/1.1 200 OK"
2026-08-19 16:53:59,490 INFO    httpx: HTTP Request: GET http://localhost:11434/api/version "HTTP/1.1 200 OK"
2026-08-19 16:53:59,607 INFO    httpx: HTTP Request: GET http://localhost:11434/api/tags "HTTP/1.1 200 OK"
2026-08-19 16:54:00,193 INFO    httpx: HTTP Request: GET http://localhost:11434/api/tags "HTTP/1.1 200 OK"
2026-08-19 16:54:00,239 INFO    httpx: HTTP Request: GET http://localhost:11434/api/version "HTTP/1.1 200 OK"
2026-08-19 16:54:01,184 INFO    httpx: HTTP Request: GET http://localhost:11434/api/version "HTTP/1.1 200 OK"
2026-08-19 16:54:01,929 INFO    httpx: HTTP Request: GET http://localhost:11434/api/version "HTTP/1.1 200 OK"
2026-08-19 16:54:03,227 INFO    httpx: HTTP Request: GET http://localhost:11434/api/version "HTTP/1.1 200 OK"
2026-08-19 16:54:03,378 INFO    httpx: HTTP Request: GET http://localhost:11434/api/tags "HTTP/1.1 200 OK"
2026-08-19 16:54:03,615 INFO    httpx: HTTP Request: GET http://localhost:11434/api/version "HTTP/1.1 200 OK"
2026-08-19 16:54:05,801 INFO    httpx: HTTP Request: GET http://localhost:11434/api/tags "HTTP/1.1 200 OK"
2026-08-19 16:54:06,220 INFO    httpx: HTTP Request: GET http://localhost:11434/api/version "HTTP/1.1 200 OK"
2026-08-19 16:54:07,488 INFO    httpx: HTTP Request: GET http://localhost:11434/api/version "HTTP/1.1 200 OK"
2026-08-19 16:54:09,227 INFO    httpx: HTTP Request: GET http://localhost:11434/api/version "HTTP/1.1 200 OK"
2026-08-19 16:54:09,273 INFO    httpx: HTTP Request: GET http://localhost:11434/api/version "HTTP/1.1 200 OK"
2026-08-19 16:54:11,423 INFO    httpx: HTTP Request: GET http://localhost:11434/api/tags "HTTP/1.1 200 OK"
2026-08-19 16:54:12,219 INFO    httpx: HTTP Request: GET http://localhost:11434/api/version "HTTP/1.1 200 OK"
2026-08-19 16:54:13,121 INFO    httpx: HTTP Request: GET http://localhost:11434/api/version "HTTP/1.1 200 OK"
2026-08-19 16:54:14,806 INFO    httpx: HTTP Request: GET http://localhost:11434/api/version "HTTP/1.1 200 OK"
2026-08-19 16:54:15,217 INFO    httpx: HTTP Request: GET http://localhost:11434/api/version "HTTP/1.1 200 OK"
2026-08-19 16:54:16,991 INFO    httpx: HTTP Request: GET http://localhost:11434/api/tags "HTTP/1.1 200 OK"
2026-08-19 16:54:18,220 INFO    httpx: HTTP Request: GET http://localhost:11434/api/version "HTTP/1.1 200 OK"
2026-08-19 16:54:18,693 INFO    httpx: HTTP Request: GET http://localhost:11434/api/version "HTTP/1.1 200 OK"
2026-08-19 16:54:20,376 INFO    httpx: HTTP Request: GET http://localhost:11434/api/version "HTTP/1.1 200 OK"
2026-08-19 16:54:21,219 INFO    httpx: HTTP Request: GET http://localhost:11434/api/version "HTTP/1.1 200 OK"
2026-08-19 16:54:22,568 INFO    httpx: HTTP Request: GET http://localhost:11434/api/tags "HTTP/1.1 200 OK"
2026-08-19 16:54:24,298 INFO    httpx: HTTP Request: GET http://localhost:11434/api/version "HTTP/1.1 200 OK"
2026-08-19 16:54:24,330 INFO    httpx: HTTP Request: GET http://localhost:11434/api/version "HTTP/1.1 200 OK"
2026-08-19 16:54:26,016 INFO    httpx: HTTP Request: GET http://localhost:11434/api/version "HTTP/1.1 200 OK"
2026-08-19 16:54:27,218 INFO    httpx: HTTP Request: GET http://localhost:11434/api/version "HTTP/1.1 200 OK"
2026-08-19 16:54:28,201 INFO    httpx: HTTP Request: GET http://localhost:11434/api/tags "HTTP/1.1 200 OK"
2026-08-19 16:54:29,889 INFO    httpx: HTTP Request: GET http://localhost:11434/api/version "HTTP/1.1 200 OK"
2026-08-19 16:54:30,227 INFO    httpx: HTTP Request: GET http://localhost:11434/api/version "HTTP/1.1 200 OK"
2026-08-19 16:54:31,575 INFO    httpx: HTTP Request: GET http://localhost:11434/api/version "HTTP/1.1 200 OK"
2026-08-19 16:54:33,265 INFO    httpx: HTTP Request: GET http://localhost:11434/api/version "HTTP/1.1 200 OK"
2026-08-19 16:54:33,808 INFO    httpx: HTTP Request: GET http://localhost:11434/api/tags "HTTP/1.1 200 OK"
2026-08-19 16:54:35,500 INFO    httpx: HTTP Request: GET http://localhost:11434/api/version "HTTP/1.1 200 OK"
2026-08-19 16:54:36,235 INFO    httpx: HTTP Request: GET http://localhost:11434/api/version "HTTP/1.1 200 OK"
2026-08-19 16:54:37,183 INFO    httpx: HTTP Request: GET http://localhost:11434/api/version "HTTP/1.1 200 OK"
2026-08-19 16:54:39,219 INFO    httpx: HTTP Request: GET http://localhost:11434/api/version "HTTP/1.1 200 OK"
2026-08-19 16:54:39,367 INFO    httpx: HTTP Request: GET http://localhost:11434/api/tags "HTTP/1.1 200 OK"
2026-08-19 16:54:41,056 INFO    httpx: HTTP Request: GET http://localhost:11434/api/version "HTTP/1.1 200 OK"
2026-08-19 16:54:42,221 INFO    httpx: HTTP Request: GET http://localhost:11434/api/version "HTTP/1.1 200 OK"
2026-08-19 16:54:42,751 INFO    httpx: HTTP Request: GET http://localhost:11434/api/version "HTTP/1.1 200 OK"
2026-08-19 16:54:44,940 INFO    httpx: HTTP Request: GET http://localhost:11434/api/tags "HTTP/1.1 200 OK"
2026-08-19 16:54:45,221 INFO    httpx: HTTP Request: GET http://localhost:11434/api/version "HTTP/1.1 200 OK"
2026-08-19 16:54:45,992 INFO    httpx: HTTP Request: GET http://localhost:11434/api/version "HTTP/1.1 200 OK"
2026-08-19 16:54:46,625 INFO    httpx: HTTP Request: GET http://localhost:11434/api/version "HTTP/1.1 200 OK"
2026-08-19 16:54:47,687 INFO    httpx: HTTP Request: GET http://localhost:11434/api/version "HTTP/1.1 200 OK"
2026-08-19 16:54:48,254 INFO    httpx: HTTP Request: GET http://localhost:11434/api/version "HTTP/1.1 200 OK"
2026-08-19 16:54:48,358 INFO    httpx: HTTP Request: GET http://localhost:11434/api/version "HTTP/1.1 200 OK"
2026-08-19 16:54:49,882 INFO    httpx: HTTP Request: GET http://localhost:11434/api/tags "HTTP/1.1 200 OK"
2026-08-19 16:54:50,544 INFO    httpx: HTTP Request: GET http://localhost:11434/api/tags "HTTP/1.1 200 OK"
2026-08-19 16:54:51,223 INFO    httpx: HTTP Request: GET http://localhost:11434/api/version "HTTP/1.1 200 OK"
2026-08-19 16:54:51,924 INFO    httpx: HTTP Request: GET http://localhost:11434/api/version "HTTP/1.1 200 OK"
2026-08-19 16:54:52,231 INFO    httpx: HTTP Request: GET http://localhost:11434/api/version "HTTP/1.1 200 OK"
2026-08-19 16:54:53,611 INFO    httpx: HTTP Request: GET http://localhost:11434/api/version "HTTP/1.1 200 OK"
2026-08-19 16:54:53,914 INFO    httpx: HTTP Request: GET http://localhost:11434/api/version "HTTP/1.1 200 OK"
2026-08-19 16:54:54,227 INFO    httpx: HTTP Request: GET http://localhost:11434/api/version "HTTP/1.1 200 OK"
2026-08-19 16:54:55,798 INFO    httpx: HTTP Request: GET http://localhost:11434/api/tags "HTTP/1.1 200 OK"
2026-08-19 16:54:56,109 INFO    httpx: HTTP Request: GET http://localhost:11434/api/tags "HTTP/1.1 200 OK"
2026-08-19 16:54:57,219 INFO    httpx: HTTP Request: GET http://localhost:11434/api/version "HTTP/1.1 200 OK"
2026-08-19 16:54:57,798 INFO    httpx: HTTP Request: GET http://localhost:11434/api/version "HTTP/1.1 200 OK"
2026-08-19 16:54:59,492 INFO    httpx: HTTP Request: GET http://localhost:11434/api/version "HTTP/1.1 200 OK"
2026-08-19 16:55:00,222 INFO    httpx: HTTP Request: GET http://localhost:11434/api/version "HTTP/1.1 200 OK"
2026-08-19 16:55:00,919 INFO    httpx: HTTP Request: GET http://localhost:11434/api/version "HTTP/1.1 200 OK"
2026-08-19 16:55:01,679 INFO    httpx: HTTP Request: GET http://localhost:11434/api/tags "HTTP/1.1 200 OK"
2026-08-19 16:55:02,605 INFO    httpx: HTTP Request: GET http://localhost:11434/api/version "HTTP/1.1 200 OK"
2026-08-19 16:55:03,246 INFO    httpx: HTTP Request: GET http://localhost:11434/api/version "HTTP/1.1 200 OK"
2026-08-19 16:55:03,395 INFO    httpx: HTTP Request: GET http://localhost:11434/api/version "HTTP/1.1 200 OK"
2026-08-19 16:55:04,792 INFO    httpx: HTTP Request: GET http://localhost:11434/api/tags "HTTP/1.1 200 OK"
2026-08-19 16:55:05,079 INFO    httpx: HTTP Request: GET http://localhost:11434/api/version "HTTP/1.1 200 OK"
2026-08-19 16:55:06,230 INFO    httpx: HTTP Request: GET http://localhost:11434/api/version "HTTP/1.1 200 OK"
2026-08-19 16:55:06,935 INFO    httpx: HTTP Request: GET http://localhost:11434/api/version "HTTP/1.1 200 OK"
2026-08-19 16:55:07,294 INFO    httpx: HTTP Request: GET http://localhost:11434/api/tags "HTTP/1.1 200 OK"
2026-08-19 16:55:08,619 INFO    httpx: HTTP Request: GET http://localhost:11434/api/version "HTTP/1.1 200 OK"
2026-08-19 16:55:08,982 INFO    httpx: HTTP Request: GET http://localhost:11434/api/version "HTTP/1.1 200 OK"
2026-08-19 16:55:09,218 INFO    httpx: HTTP Request: GET http://localhost:11434/api/version "HTTP/1.1 200 OK"
2026-08-19 16:55:10,669 INFO    httpx: HTTP Request: GET http://localhost:11434/api/version "HTTP/1.1 200 OK"
2026-08-19 16:55:10,810 INFO    httpx: HTTP Request: GET http://localhost:11434/api/tags "HTTP/1.1 200 OK"
2026-08-19 16:55:12,244 INFO    httpx: HTTP Request: GET http://localhost:11434/api/version "HTTP/1.1 200 OK"
2026-08-19 16:55:12,879 INFO    httpx: HTTP Request: GET http://localhost:11434/api/tags "HTTP/1.1 200 OK"
2026-08-19 16:55:12,933 INFO    httpx: HTTP Request: GET http://localhost:11434/api/version "HTTP/1.1 200 OK"
2026-08-19 16:55:14,623 INFO    httpx: HTTP Request: GET http://localhost:11434/api/version "HTTP/1.1 200 OK"
2026-08-19 16:55:14,672 INFO    httpx: HTTP Request: GET http://localhost:11434/api/version "HTTP/1.1 200 OK"
2026-08-19 16:55:15,217 INFO    httpx: HTTP Request: GET http://localhost:11434/api/version "HTTP/1.1 200 OK"
2026-08-19 16:55:16,385 INFO    httpx: HTTP Request: GET http://localhost:11434/api/version "HTTP/1.1 200 OK"
2026-08-19 16:55:16,938 INFO    httpx: HTTP Request: GET http://localhost:11434/api/tags "HTTP/1.1 200 OK"
2026-08-19 16:55:18,245 INFO    httpx: HTTP Request: GET http://localhost:11434/api/version "HTTP/1.1 200 OK"
2026-08-19 16:55:18,602 INFO    httpx: HTTP Request: GET http://localhost:11434/api/tags "HTTP/1.1 200 OK"
2026-08-19 16:55:18,919 INFO    httpx: HTTP Request: GET http://localhost:11434/api/version "HTTP/1.1 200 OK"
2026-08-19 16:55:20,289 INFO    httpx: HTTP Request: GET http://localhost:11434/api/version "HTTP/1.1 200 OK"
2026-08-19 16:55:20,603 INFO    httpx: HTTP Request: GET http://localhost:11434/api/version "HTTP/1.1 200 OK"
2026-08-19 16:55:21,235 INFO    httpx: HTTP Request: GET http://localhost:11434/api/version "HTTP/1.1 200 OK"
2026-08-19 16:55:21,983 INFO    httpx: HTTP Request: GET http://localhost:11434/api/version "HTTP/1.1 200 OK"
2026-08-19 16:55:22,788 INFO    httpx: HTTP Request: GET http://localhost:11434/api/tags "HTTP/1.1 200 OK"
2026-08-19 16:55:24,167 INFO    httpx: HTTP Request: GET http://localhost:11434/api/tags "HTTP/1.1 200 OK"
2026-08-19 16:55:24,249 INFO    httpx: HTTP Request: GET http://localhost:11434/api/version "HTTP/1.1 200 OK"
2026-08-19 16:55:24,935 INFO    httpx: HTTP Request: GET http://localhost:11434/api/version "HTTP/1.1 200 OK"
2026-08-19 16:55:25,855 INFO    httpx: HTTP Request: GET http://localhost:11434/api/version "HTTP/1.1 200 OK"
2026-08-19 16:55:26,620 INFO    httpx: HTTP Request: GET http://localhost:11434/api/version "HTTP/1.1 200 OK"
2026-08-19 16:55:27,225 INFO    httpx: HTTP Request: GET http://localhost:11434/api/version "HTTP/1.1 200 OK"
2026-08-19 16:55:27,550 INFO    httpx: HTTP Request: GET http://localhost:11434/api/version "HTTP/1.1 200 OK"
2026-08-19 16:55:28,805 INFO    httpx: HTTP Request: GET http://localhost:11434/api/tags "HTTP/1.1 200 OK"
2026-08-19 16:55:29,745 INFO    httpx: HTTP Request: GET http://localhost:11434/api/tags "HTTP/1.1 200 OK"
2026-08-19 16:55:30,220 INFO    httpx: HTTP Request: GET http://localhost:11434/api/version "HTTP/1.1 200 OK"
2026-08-19 16:55:30,916 INFO    httpx: HTTP Request: GET http://localhost:11434/api/version "HTTP/1.1 200 OK"
2026-08-19 16:55:31,433 INFO    httpx: HTTP Request: GET http://localhost:11434/api/version "HTTP/1.1 200 OK"
2026-08-19 16:55:32,602 INFO    httpx: HTTP Request: GET http://localhost:11434/api/version "HTTP/1.1 200 OK"
2026-08-19 16:55:33,155 INFO    httpx: HTTP Request: GET http://localhost:11434/api/version "HTTP/1.1 200 OK"
2026-08-19 16:55:33,251 INFO    httpx: HTTP Request: GET http://localhost:11434/api/version "HTTP/1.1 200 OK"
2026-08-19 16:55:34,800 INFO    httpx: HTTP Request: GET http://localhost:11434/api/tags "HTTP/1.1 200 OK"
2026-08-19 16:55:35,338 INFO    httpx: HTTP Request: GET http://localhost:11434/api/tags "HTTP/1.1 200 OK"
2026-08-19 16:55:36,228 INFO    httpx: HTTP Request: GET http://localhost:11434/api/version "HTTP/1.1 200 OK"
2026-08-19 16:55:36,946 INFO    httpx: HTTP Request: GET http://localhost:11434/api/version "HTTP/1.1 200 OK"
2026-08-19 16:55:37,072 INFO    httpx: HTTP Request: GET http://localhost:11434/api/version "HTTP/1.1 200 OK"
2026-08-19 16:55:38,665 INFO    httpx: HTTP Request: GET http://localhost:11434/api/version "HTTP/1.1 200 OK"
2026-08-19 16:55:38,789 INFO    httpx: HTTP Request: GET http://localhost:11434/api/version "HTTP/1.1 200 OK"
2026-08-19 16:55:39,220 INFO    httpx: HTTP Request: GET http://localhost:11434/api/version "HTTP/1.1 200 OK"
2026-08-19 16:55:40,884 INFO    httpx: HTTP Request: GET http://localhost:11434/api/tags "HTTP/1.1 200 OK"
2026-08-19 16:55:41,007 INFO    httpx: HTTP Request: GET http://localhost:11434/api/tags "HTTP/1.1 200 OK"
2026-08-19 16:55:42,217 INFO    httpx: HTTP Request: GET http://localhost:11434/api/version "HTTP/1.1 200 OK"
2026-08-19 16:55:42,694 INFO    httpx: HTTP Request: GET http://localhost:11434/api/version "HTTP/1.1 200 OK"
2026-08-19 16:55:44,379 INFO    httpx: HTTP Request: GET http://localhost:11434/api/version "HTTP/1.1 200 OK"
2026-08-19 16:55:45,220 INFO    httpx: HTTP Request: GET http://localhost:11434/api/version "HTTP/1.1 200 OK"
2026-08-19 16:55:45,967 INFO    httpx: HTTP Request: GET http://localhost:11434/api/version "HTTP/1.1 200 OK"
2026-08-19 16:55:46,591 INFO    httpx: HTTP Request: GET http://localhost:11434/api/tags "HTTP/1.1 200 OK"
2026-08-19 16:55:47,658 INFO    httpx: HTTP Request: GET http://localhost:11434/api/version "HTTP/1.1 200 OK"
2026-08-19 16:55:48,289 INFO    httpx: HTTP Request: GET http://localhost:11434/api/version "HTTP/1.1 200 OK"
2026-08-19 16:55:48,347 INFO    httpx: HTTP Request: GET http://localhost:11434/api/version "HTTP/1.1 200 OK"
2026-08-19 16:55:49,845 INFO    httpx: HTTP Request: GET http://localhost:11434/api/tags "HTTP/1.1 200 OK"
2026-08-19 16:55:50,033 INFO    httpx: HTTP Request: GET http://localhost:11434/api/version "HTTP/1.1 200 OK"
2026-08-19 16:55:51,222 INFO    httpx: HTTP Request: GET http://localhost:11434/api/version "HTTP/1.1 200 OK"
2026-08-19 16:55:51,913 INFO    httpx: HTTP Request: GET http://localhost:11434/api/version "HTTP/1.1 200 OK"
2026-08-19 16:55:52,220 INFO    httpx: HTTP Request: GET http://localhost:11434/api/tags "HTTP/1.1 200 OK"
2026-08-19 16:55:53,602 INFO    httpx: HTTP Request: GET http://localhost:11434/api/version "HTTP/1.1 200 OK"
2026-08-19 16:55:53,925 INFO    httpx: HTTP Request: GET http://localhost:11434/api/version "HTTP/1.1 200 OK"
2026-08-19 16:55:54,465 INFO    httpx: HTTP Request: GET http://localhost:11434/api/version "HTTP/1.1 200 OK"
2026-08-19 16:55:55,678 INFO    httpx: HTTP Request: GET http://localhost:11434/api/version "HTTP/1.1 200 OK"
2026-08-19 16:55:55,890 INFO    httpx: HTTP Request: GET http://localhost:11434/api/tags "HTTP/1.1 200 OK"
2026-08-19 16:55:57,349 INFO    httpx: HTTP Request: GET http://localhost:11434/api/version "HTTP/1.1 200 OK"
2026-08-19 16:55:57,930 INFO    httpx: HTTP Request: GET http://localhost:11434/api/tags "HTTP/1.1 200 OK"
2026-08-19 16:55:57,962 INFO    httpx: HTTP Request: GET http://localhost:11434/api/version "HTTP/1.1 200 OK"
2026-08-19 16:55:59,707 INFO    httpx: HTTP Request: GET http://localhost:11434/api/version "HTTP/1.1 200 OK"
2026-08-19 16:55:59,734 INFO    httpx: HTTP Request: GET http://localhost:11434/api/version "HTTP/1.1 200 OK"
2026-08-19 16:56:00,228 INFO    httpx: HTTP Request: GET http://localhost:11434/api/version "HTTP/1.1 200 OK"
2026-08-19 16:56:01,489 INFO    httpx: HTTP Request: GET http://localhost:11434/api/version "HTTP/1.1 200 OK"
2026-08-19 16:56:02,016 INFO    httpx: HTTP Request: GET http://localhost:11434/api/tags "HTTP/1.1 200 OK"
2026-08-19 16:56:03,299 INFO    httpx: HTTP Request: GET http://localhost:11434/api/version "HTTP/1.1 200 OK"
2026-08-19 16:56:03,745 INFO    httpx: HTTP Request: GET http://localhost:11434/api/tags "HTTP/1.1 200 OK"
2026-08-19 16:56:03,911 INFO    httpx: HTTP Request: GET http://localhost:11434/api/version "HTTP/1.1 200 OK"
2026-08-19 16:56:05,504 INFO    httpx: HTTP Request: GET http://localhost:11434/api/version "HTTP/1.1 200 OK"
2026-08-19 16:56:05,664 INFO    httpx: HTTP Request: GET http://localhost:11434/api/version "HTTP/1.1 200 OK"
2026-08-19 16:56:06,301 INFO    httpx: HTTP Request: GET http://localhost:11434/api/version "HTTP/1.1 200 OK"
2026-08-19 16:56:07,207 INFO    httpx: HTTP Request: GET http://localhost:11434/api/version "HTTP/1.1 200 OK"
2026-08-19 16:56:07,873 INFO    httpx: HTTP Request: GET http://localhost:11434/api/tags "HTTP/1.1 200 OK"
2026-08-19 16:56:09,222 INFO    httpx: HTTP Request: GET http://localhost:11434/api/version "HTTP/1.1 200 OK"
2026-08-19 16:56:09,397 INFO    httpx: HTTP Request: GET http://localhost:11434/api/tags "HTTP/1.1 200 OK"
2026-08-19 16:56:09,988 INFO    httpx: HTTP Request: GET http://localhost:11434/api/version "HTTP/1.1 200 OK"
2026-08-19 16:56:11,119 INFO    httpx: HTTP Request: GET http://localhost:11434/api/version "HTTP/1.1 200 OK"
2026-08-19 16:56:11,703 INFO    httpx: HTTP Request: GET http://localhost:11434/api/version "HTTP/1.1 200 OK"
2026-08-19 16:56:12,267 INFO    httpx: HTTP Request: GET http://localhost:11434/api/version "HTTP/1.1 200 OK"
2026-08-19 16:56:12,820 INFO    httpx: HTTP Request: GET http://localhost:11434/api/version "HTTP/1.1 200 OK"
2026-08-19 16:56:13,892 INFO    httpx: HTTP Request: GET http://localhost:11434/api/tags "HTTP/1.1 200 OK"
2026-08-19 16:56:15,008 INFO    httpx: HTTP Request: GET http://localhost:11434/api/tags "HTTP/1.1 200 OK"
2026-08-19 16:56:15,224 INFO    httpx: HTTP Request: GET http://localhost:11434/api/version "HTTP/1.1 200 OK"
2026-08-19 16:56:16,169 INFO    httpx: HTTP Request: GET http://localhost:11434/api/version "HTTP/1.1 200 OK"
2026-08-19 16:56:16,701 INFO    httpx: HTTP Request: GET http://localhost:11434/api/version "HTTP/1.1 200 OK"
2026-08-19 16:56:17,858 INFO    httpx: HTTP Request: GET http://localhost:11434/api/version "HTTP/1.1 200 OK"
2026-08-19 16:56:18,231 INFO    httpx: HTTP Request: GET http://localhost:11434/api/version "HTTP/1.1 200 OK"
2026-08-19 16:56:18,401 INFO    httpx: HTTP Request: GET http://localhost:11434/api/version "HTTP/1.1 200 OK"
2026-08-19 16:56:20,050 INFO    httpx: HTTP Request: GET http://localhost:11434/api/tags "HTTP/1.1 200 OK"
2026-08-19 16:56:20,600 INFO    httpx: HTTP Request: GET http://localhost:11434/api/tags "HTTP/1.1 200 OK"
2026-08-19 16:56:21,223 INFO    httpx: HTTP Request: GET http://localhost:11434/api/version "HTTP/1.1 200 OK"
2026-08-19 16:56:21,923 INFO    httpx: HTTP Request: GET http://localhost:11434/api/version "HTTP/1.1 200 OK"
2026-08-19 16:56:22,301 INFO    httpx: HTTP Request: GET http://localhost:11434/api/version "HTTP/1.1 200 OK"
2026-08-19 16:56:23,610 INFO    httpx: HTTP Request: GET http://localhost:11434/api/version "HTTP/1.1 200 OK"
2026-08-19 16:56:23,996 INFO    httpx: HTTP Request: GET http://localhost:11434/api/version "HTTP/1.1 200 OK"
2026-08-19 16:56:24,235 INFO    httpx: HTTP Request: GET http://localhost:11434/api/version "HTTP/1.1 200 OK"
2026-08-19 16:56:25,801 INFO    httpx: HTTP Request: GET http://localhost:11434/api/tags "HTTP/1.1 200 OK"
2026-08-19 16:56:26,186 INFO    httpx: HTTP Request: GET http://localhost:11434/api/tags "HTTP/1.1 200 OK"
2026-08-19 16:56:27,223 INFO    httpx: HTTP Request: GET http://localhost:11434/api/version "HTTP/1.1 200 OK"
2026-08-19 16:56:27,877 INFO    httpx: HTTP Request: GET http://localhost:11434/api/version "HTTP/1.1 200 OK"
2026-08-19 16:56:29,577 INFO    httpx: HTTP Request: GET http://localhost:11434/api/version "HTTP/1.1 200 OK"
2026-08-19 16:56:30,220 INFO    httpx: HTTP Request: GET http://localhost:11434/api/version "HTTP/1.1 200 OK"
2026-08-19 16:56:30,918 INFO    httpx: HTTP Request: GET http://localhost:11434/api/version "HTTP/1.1 200 OK"
2026-08-19 16:56:31,767 INFO    httpx: HTTP Request: GET http://localhost:11434/api/tags "HTTP/1.1 200 OK"
2026-08-19 16:56:32,609 INFO    httpx: HTTP Request: GET http://localhost:11434/api/version "HTTP/1.1 200 OK"
2026-08-19 16:56:33,240 INFO    httpx: HTTP Request: GET http://localhost:11434/api/version "HTTP/1.1 200 OK"
2026-08-19 16:56:33,477 INFO    httpx: HTTP Request: GET http://localhost:11434/api/version "HTTP/1.1 200 OK"
2026-08-19 16:56:34,800 INFO    httpx: HTTP Request: GET http://localhost:11434/api/tags "HTTP/1.1 200 OK"
2026-08-19 16:56:35,167 INFO    httpx: HTTP Request: GET http://localhost:11434/api/version "HTTP/1.1 200 OK"
2026-08-19 16:56:36,221 INFO    httpx: HTTP Request: GET http://localhost:11434/api/version "HTTP/1.1 200 OK"
2026-08-19 16:56:36,949 INFO    httpx: HTTP Request: GET http://localhost:11434/api/version "HTTP/1.1 200 OK"
2026-08-19 16:56:37,387 INFO    httpx: HTTP Request: GET http://localhost:11434/api/tags "HTTP/1.1 200 OK"
2026-08-19 16:56:38,703 INFO    httpx: HTTP Request: GET http://localhost:11434/api/version "HTTP/1.1 200 OK"
2026-08-19 16:56:39,117 INFO    httpx: HTTP Request: GET http://localhost:11434/api/version "HTTP/1.1 200 OK"
2026-08-19 16:56:39,268 INFO    httpx: HTTP Request: GET http://localhost:11434/api/version "HTTP/1.1 200 OK"
2026-08-19 16:56:40,809 INFO    httpx: HTTP Request: GET http://localhost:11434/api/version "HTTP/1.1 200 OK"
2026-08-19 16:56:40,921 INFO    httpx: HTTP Request: GET http://localhost:11434/api/tags "HTTP/1.1 200 OK"
2026-08-19 16:56:42,233 INFO    httpx: HTTP Request: GET http://localhost:11434/api/version "HTTP/1.1 200 OK"
2026-08-19 16:56:42,931 INFO    httpx: HTTP Request: GET http://localhost:11434/api/version "HTTP/1.1 200 OK"
2026-08-19 16:56:43,013 INFO    httpx: HTTP Request: GET http://localhost:11434/api/tags "HTTP/1.1 200 OK"
2026-08-19 16:56:44,670 INFO    httpx: HTTP Request: GET http://localhost:11434/api/version "HTTP/1.1 200 OK"
2026-08-19 16:56:44,752 INFO    httpx: HTTP Request: GET http://localhost:11434/api/version "HTTP/1.1 200 OK"
2026-08-19 16:56:45,234 INFO    httpx: HTTP Request: GET http://localhost:11434/api/version "HTTP/1.1 200 OK"
2026-08-19 16:56:46,478 INFO    httpx: HTTP Request: GET http://localhost:11434/api/version "HTTP/1.1 200 OK"
2026-08-19 16:56:46,906 INFO    httpx: HTTP Request: GET http://localhost:11434/api/tags "HTTP/1.1 200 OK"
2026-08-19 16:56:48,276 INFO    httpx: HTTP Request: GET http://localhost:11434/api/version "HTTP/1.1 200 OK"
2026-08-19 16:56:48,717 INFO    httpx: HTTP Request: GET http://localhost:11434/api/tags "HTTP/1.1 200 OK"
2026-08-19 16:56:48,916 INFO    httpx: HTTP Request: GET http://localhost:11434/api/version "HTTP/1.1 200 OK"
2026-08-19 16:56:50,409 INFO    httpx: HTTP Request: GET http://localhost:11434/api/version "HTTP/1.1 200 OK"
2026-08-19 16:56:50,614 INFO    httpx: HTTP Request: GET http://localhost:11434/api/version "HTTP/1.1 200 OK"
2026-08-19 16:56:51,240 INFO    httpx: HTTP Request: GET http://localhost:11434/api/version "HTTP/1.1 200 OK"
2026-08-19 16:56:52,095 INFO    httpx: HTTP Request: GET http://localhost:11434/api/version "HTTP/1.1 200 OK"
2026-08-19 16:56:52,805 INFO    httpx: HTTP Request: GET http://localhost:11434/api/tags "HTTP/1.1 200 OK"
2026-08-19 16:56:54,259 INFO    httpx: HTTP Request: GET http://localhost:11434/api/version "HTTP/1.1 200 OK"
2026-08-19 16:56:54,284 INFO    httpx: HTTP Request: GET http://localhost:11434/api/tags "HTTP/1.1 200 OK"
2026-08-19 16:56:54,943 INFO    httpx: HTTP Request: GET http://localhost:11434/api/version "HTTP/1.1 200 OK"
2026-08-19 16:56:55,985 INFO    httpx: HTTP Request: GET http://localhost:11434/api/version "HTTP/1.1 200 OK"
2026-08-19 16:56:56,630 INFO    httpx: HTTP Request: GET http://localhost:11434/api/version "HTTP/1.1 200 OK"
2026-08-19 16:56:57,227 INFO    httpx: HTTP Request: GET http://localhost:11434/api/version "HTTP/1.1 200 OK"
2026-08-19 16:56:57,685 INFO    httpx: HTTP Request: GET http://localhost:11434/api/version "HTTP/1.1 200 OK"
2026-08-19 16:56:58,817 INFO    httpx: HTTP Request: GET http://localhost:11434/api/tags "HTTP/1.1 200 OK"
2026-08-19 16:56:59,885 INFO    httpx: HTTP Request: GET http://localhost:11434/api/tags "HTTP/1.1 200 OK"
2026-08-19 16:57:00,232 INFO    httpx: HTTP Request: GET http://localhost:11434/api/version "HTTP/1.1 200 OK"
2026-08-19 16:57:00,961 INFO    httpx: HTTP Request: GET http://localhost:11434/api/version "HTTP/1.1 200 OK"
2026-08-19 16:57:01,576 INFO    httpx: HTTP Request: GET http://localhost:11434/api/version "HTTP/1.1 200 OK"
2026-08-19 16:57:02,648 INFO    httpx: HTTP Request: GET http://localhost:11434/api/version "HTTP/1.1 200 OK"
2026-08-19 16:57:03,284 INFO    httpx: HTTP Request: GET http://localhost:11434/api/version "HTTP/1.1 200 OK"
2026-08-19 16:57:03,338 INFO    httpx: HTTP Request: GET http://localhost:11434/api/version "HTTP/1.1 200 OK"
2026-08-19 16:57:04,836 INFO    httpx: HTTP Request: GET http://localhost:11434/api/tags "HTTP/1.1 200 OK"
2026-08-19 16:57:05,532 INFO    httpx: HTTP Request: GET http://localhost:11434/api/tags "HTTP/1.1 200 OK"
2026-08-19 16:57:06,235 INFO    httpx: HTTP Request: GET http://localhost:11434/api/version "HTTP/1.1 200 OK"
2026-08-19 16:57:06,927 INFO    httpx: HTTP Request: GET http://localhost:11434/api/version "HTTP/1.1 200 OK"
2026-08-19 16:57:07,224 INFO    httpx: HTTP Request: GET http://localhost:11434/api/version "HTTP/1.1 200 OK"
2026-08-19 16:57:08,615 INFO    httpx: HTTP Request: GET http://localhost:11434/api/version "HTTP/1.1 200 OK"
2026-08-19 16:57:08,911 INFO    httpx: HTTP Request: GET http://localhost:11434/api/version "HTTP/1.1 200 OK"
2026-08-19 16:57:09,221 INFO    httpx: HTTP Request: GET http://localhost:11434/api/version "HTTP/1.1 200 OK"
2026-08-19 16:57:10,815 INFO    httpx: HTTP Request: GET http://localhost:11434/api/tags "HTTP/1.1 200 OK"
2026-08-19 16:57:11,098 INFO    httpx: HTTP Request: GET http://localhost:11434/api/tags "HTTP/1.1 200 OK"
2026-08-19 16:57:12,226 INFO    httpx: HTTP Request: GET http://localhost:11434/api/version "HTTP/1.1 200 OK"
2026-08-19 16:57:12,788 INFO    httpx: HTTP Request: GET http://localhost:11434/api/version "HTTP/1.1 200 OK"
2026-08-19 16:57:14,476 INFO    httpx: HTTP Request: GET http://localhost:11434/api/version "HTTP/1.1 200 OK"
2026-08-19 16:57:15,221 INFO    httpx: HTTP Request: GET http://localhost:11434/api/version "HTTP/1.1 200 OK"
2026-08-19 16:57:15,953 INFO    httpx: HTTP Request: GET http://localhost:11434/api/version "HTTP/1.1 200 OK"
2026-08-19 16:57:16,672 INFO    httpx: HTTP Request: GET http://localhost:11434/api/tags "HTTP/1.1 200 OK"
2026-08-19 16:57:17,643 INFO    httpx: HTTP Request: GET http://localhost:11434/api/version "HTTP/1.1 200 OK"
2026-08-19 16:57:18,269 INFO    httpx: HTTP Request: GET http://localhost:11434/api/version "HTTP/1.1 200 OK"
2026-08-19 16:57:18,392 INFO    httpx: HTTP Request: GET http://localhost:11434/api/version "HTTP/1.1 200 OK"
2026-08-19 16:57:19,829 INFO    httpx: HTTP Request: GET http://localhost:11434/api/tags "HTTP/1.1 200 OK"
2026-08-19 16:57:20,078 INFO    httpx: HTTP Request: GET http://localhost:11434/api/version "HTTP/1.1 200 OK"
2026-08-19 16:57:21,227 INFO    httpx: HTTP Request: GET http://localhost:11434/api/version "HTTP/1.1 200 OK"
2026-08-19 16:57:21,944 INFO    httpx: HTTP Request: GET http://localhost:11434/api/version "HTTP/1.1 200 OK"
2026-08-19 16:57:22,282 INFO    httpx: HTTP Request: GET http://localhost:11434/api/tags "HTTP/1.1 200 OK"
2026-08-19 16:57:23,638 INFO    httpx: HTTP Request: GET http://localhost:11434/api/version "HTTP/1.1 200 OK"
2026-08-19 16:57:23,985 INFO    httpx: HTTP Request: GET http://localhost:11434/api/version "HTTP/1.1 200 OK"
2026-08-19 16:57:24,236 INFO    httpx: HTTP Request: GET http://localhost:11434/api/version "HTTP/1.1 200 OK"
2026-08-19 16:57:25,674 INFO    httpx: HTTP Request: GET http://localhost:11434/api/version "HTTP/1.1 200 OK"
2026-08-19 16:57:25,837 INFO    httpx: HTTP Request: GET http://localhost:11434/api/tags "HTTP/1.1 200 OK"
2026-08-19 16:57:27,248 INFO    httpx: HTTP Request: GET http://localhost:11434/api/version "HTTP/1.1 200 OK"
2026-08-19 16:57:27,903 INFO    httpx: HTTP Request: GET http://localhost:11434/api/tags "HTTP/1.1 200 OK"
2026-08-19 16:57:27,939 INFO    httpx: HTTP Request: GET http://localhost:11434/api/version "HTTP/1.1 200 OK"
2026-08-19 16:57:29,652 INFO    httpx: HTTP Request: GET http://localhost:11434/api/version "HTTP/1.1 200 OK"
2026-08-19 16:57:29,674 INFO    httpx: HTTP Request: GET http://localhost:11434/api/version "HTTP/1.1 200 OK"
2026-08-19 16:57:30,222 INFO    httpx: HTTP Request: GET http://localhost:11434/api/version "HTTP/1.1 200 OK"
2026-08-19 16:57:31,427 INFO    httpx: HTTP Request: GET http://localhost:11434/api/version "HTTP/1.1 200 OK"
2026-08-19 16:57:31,948 INFO    httpx: HTTP Request: GET http://localhost:11434/api/tags "HTTP/1.1 200 OK"
2026-08-19 16:57:33,256 INFO    httpx: HTTP Request: GET http://localhost:11434/api/version "HTTP/1.1 200 OK"
2026-08-19 16:57:33,648 INFO    httpx: HTTP Request: GET http://localhost:11434/api/tags "HTTP/1.1 200 OK"
2026-08-19 16:57:33,920 INFO    httpx: HTTP Request: GET http://localhost:11434/api/version "HTTP/1.1 200 OK"
2026-08-19 16:57:35,337 INFO    httpx: HTTP Request: GET http://localhost:11434/api/version "HTTP/1.1 200 OK"
2026-08-19 16:57:35,607 INFO    httpx: HTTP Request: GET http://localhost:11434/api/version "HTTP/1.1 200 OK"
2026-08-19 16:57:36,231 INFO    httpx: HTTP Request: GET http://localhost:11434/api/version "HTTP/1.1 200 OK"
2026-08-19 16:57:37,024 INFO    httpx: HTTP Request: GET http://localhost:11434/api/version "HTTP/1.1 200 OK"
2026-08-19 16:57:37,794 INFO    httpx: HTTP Request: GET http://localhost:11434/api/tags "HTTP/1.1 200 OK"
2026-08-19 16:57:39,217 INFO    httpx: HTTP Request: GET http://localhost:11434/api/tags "HTTP/1.1 200 OK"
2026-08-19 16:57:39,229 INFO    httpx: HTTP Request: GET http://localhost:11434/api/version "HTTP/1.1 200 OK"
2026-08-19 16:57:39,980 INFO    httpx: HTTP Request: GET http://localhost:11434/api/version "HTTP/1.1 200 OK"
2026-08-19 16:57:40,911 INFO    httpx: HTTP Request: GET http://localhost:11434/api/version "HTTP/1.1 200 OK"
2026-08-19 16:57:41,673 INFO    httpx: HTTP Request: GET http://localhost:11434/api/version "HTTP/1.1 200 OK"
2026-08-19 16:57:42,239 INFO    httpx: HTTP Request: GET http://localhost:11434/api/version "HTTP/1.1 200 OK"
2026-08-19 16:57:42,613 INFO    httpx: HTTP Request: GET http://localhost:11434/api/version "HTTP/1.1 200 OK"
2026-08-19 16:57:43,870 INFO    httpx: HTTP Request: GET http://localhost:11434/api/tags "HTTP/1.1 200 OK"
2026-08-19 16:57:44,806 INFO    httpx: HTTP Request: GET http://localhost:11434/api/tags "HTTP/1.1 200 OK"
2026-08-19 16:57:45,223 INFO    httpx: HTTP Request: GET http://localhost:11434/api/version "HTTP/1.1 200 OK"
2026-08-19 16:57:45,935 INFO    httpx: HTTP Request: GET http://localhost:11434/api/version "HTTP/1.1 200 OK"
2026-08-19 16:57:46,493 INFO    httpx: HTTP Request: GET http://localhost:11434/api/version "HTTP/1.1 200 OK"
2026-08-19 16:57:47,623 INFO    httpx: HTTP Request: GET http://localhost:11434/api/version "HTTP/1.1 200 OK"
2026-08-19 16:57:48,244 INFO    httpx: HTTP Request: GET http://localhost:11434/api/version "HTTP/1.1 200 OK"
2026-08-19 16:57:48,291 INFO    httpx: HTTP Request: GET http://localhost:11434/api/version "HTTP/1.1 200 OK"
2026-08-19 16:57:49,813 INFO    httpx: HTTP Request: GET http://localhost:11434/api/tags "HTTP/1.1 200 OK"
2026-08-19 16:57:50,434 INFO    httpx: HTTP Request: GET http://localhost:11434/api/tags "HTTP/1.1 200 OK"
2026-08-19 16:57:51,336 INFO    httpx: HTTP Request: GET http://localhost:11434/api/version "HTTP/1.1 200 OK"
2026-08-19 16:57:51,918 INFO    httpx: HTTP Request: GET http://localhost:11434/api/version "HTTP/1.1 200 OK"
2026-08-19 16:57:52,127 INFO    httpx: HTTP Request: GET http://localhost:11434/api/version "HTTP/1.1 200 OK"
2026-08-19 16:57:53,632 INFO    httpx: HTTP Request: GET http://localhost:11434/api/version "HTTP/1.1 200 OK"
2026-08-19 16:57:53,829 INFO    httpx: HTTP Request: GET http://localhost:11434/api/version "HTTP/1.1 200 OK"
2026-08-19 16:57:54,248 INFO    httpx: HTTP Request: GET http://localhost:11434/api/version "HTTP/1.1 200 OK"
2026-08-19 16:57:55,839 INFO    httpx: HTTP Request: GET http://localhost:11434/api/tags "HTTP/1.1 200 OK"
2026-08-19 16:57:56,035 INFO    httpx: HTTP Request: GET http://localhost:11434/api/tags "HTTP/1.1 200 OK"
2026-08-19 16:57:57,220 INFO    httpx: HTTP Request: GET http://localhost:11434/api/version "HTTP/1.1 200 OK"
2026-08-19 16:57:57,731 INFO    httpx: HTTP Request: GET http://localhost:11434/api/version "HTTP/1.1 200 OK"
2026-08-19 16:57:59,419 INFO    httpx: HTTP Request: GET http://localhost:11434/api/version "HTTP/1.1 200 OK"
2026-08-19 16:58:00,239 INFO    httpx: HTTP Request: GET http://localhost:11434/api/version "HTTP/1.1 200 OK"
2026-08-19 16:58:00,926 INFO    httpx: HTTP Request: GET http://localhost:11434/api/version "HTTP/1.1 200 OK"
2026-08-19 16:58:01,621 INFO    httpx: HTTP Request: GET http://localhost:11434/api/tags "HTTP/1.1 200 OK"
2026-08-19 16:58:02,625 INFO    httpx: HTTP Request: GET http://localhost:11434/api/version "HTTP/1.1 200 OK"
2026-08-19 16:58:03,273 INFO    httpx: HTTP Request: GET http://localhost:11434/api/version "HTTP/1.1 200 OK"
2026-08-19 16:58:03,371 INFO    httpx: HTTP Request: GET http://localhost:11434/api/version "HTTP/1.1 200 OK"
2026-08-19 16:58:04,813 INFO    httpx: HTTP Request: GET http://localhost:11434/api/tags "HTTP/1.1 200 OK"
2026-08-19 16:58:05,057 INFO    httpx: HTTP Request: GET http://localhost:11434/api/version "HTTP/1.1 200 OK"
2026-08-19 16:58:06,286 INFO    httpx: HTTP Request: GET http://localhost:11434/api/version "HTTP/1.1 200 OK"
2026-08-19 16:58:06,961 INFO    httpx: HTTP Request: GET http://localhost:11434/api/version "HTTP/1.1 200 OK"
2026-08-19 16:58:07,288 INFO    httpx: HTTP Request: GET http://localhost:11434/api/tags "HTTP/1.1 200 OK"
2026-08-19 16:58:08,649 INFO    httpx: HTTP Request: GET http://localhost:11434/api/version "HTTP/1.1 200 OK"
2026-08-19 16:58:09,016 INFO    httpx: HTTP Request: GET http://localhost:11434/api/version "HTTP/1.1 200 OK"
2026-08-19 16:58:09,262 INFO    httpx: HTTP Request: GET http://localhost:11434/api/version "HTTP/1.1 200 OK"
2026-08-19 16:58:10,711 INFO    httpx: HTTP Request: GET http://localhost:11434/api/version "HTTP/1.1 200 OK"
2026-08-19 16:58:10,847 INFO    httpx: HTTP Request: GET http://localhost:11434/api/tags "HTTP/1.1 200 OK"
2026-08-19 16:58:12,226 INFO    httpx: HTTP Request: GET http://localhost:11434/api/version "HTTP/1.1 200 OK"
2026-08-19 16:58:12,907 INFO    httpx: HTTP Request: GET http://localhost:11434/api/tags "HTTP/1.1 200 OK"
2026-08-19 16:58:13,040 INFO    httpx: HTTP Request: GET http://localhost:11434/api/version "HTTP/1.1 200 OK"
2026-08-19 16:58:14,629 INFO    httpx: HTTP Request: GET http://localhost:11434/api/version "HTTP/1.1 200 OK"
2026-08-19 16:58:14,769 INFO    httpx: HTTP Request: GET http://localhost:11434/api/version "HTTP/1.1 200 OK"
2026-08-19 16:58:15,220 INFO    httpx: HTTP Request: GET http://localhost:11434/api/version "HTTP/1.1 200 OK"
2026-08-19 16:58:16,345 INFO    httpx: HTTP Request: GET http://localhost:11434/api/version "HTTP/1.1 200 OK"
2026-08-19 16:58:16,986 INFO    httpx: HTTP Request: GET http://localhost:11434/api/tags "HTTP/1.1 200 OK"
2026-08-19 16:58:18,224 INFO    httpx: HTTP Request: GET http://localhost:11434/api/version "HTTP/1.1 200 OK"
2026-08-19 16:58:18,539 INFO    httpx: HTTP Request: GET http://localhost:11434/api/tags "HTTP/1.1 200 OK"
2026-08-19 16:58:18,915 INFO    httpx: HTTP Request: GET http://localhost:11434/api/version "HTTP/1.1 200 OK"
2026-08-19 16:58:20,249 INFO    httpx: HTTP Request: GET http://localhost:11434/api/version "HTTP/1.1 200 OK"
2026-08-19 16:58:20,602 INFO    httpx: HTTP Request: GET http://localhost:11434/api/version "HTTP/1.1 200 OK"
2026-08-19 16:58:21,240 INFO    httpx: HTTP Request: GET http://localhost:11434/api/version "HTTP/1.1 200 OK"
2026-08-19 16:58:21,937 INFO    httpx: HTTP Request: GET http://localhost:11434/api/version "HTTP/1.1 200 OK"
2026-08-19 16:58:22,801 INFO    httpx: HTTP Request: GET http://localhost:11434/api/tags "HTTP/1.1 200 OK"
2026-08-19 16:58:24,125 INFO    httpx: HTTP Request: GET http://localhost:11434/api/tags "HTTP/1.1 200 OK"
2026-08-19 16:58:24,232 INFO    httpx: HTTP Request: GET http://localhost:11434/api/version "HTTP/1.1 200 OK"
2026-08-19 16:58:24,966 INFO    httpx: HTTP Request: GET http://localhost:11434/api/version "HTTP/1.1 200 OK"
2026-08-19 16:58:25,818 INFO    httpx: HTTP Request: GET http://localhost:11434/api/version "HTTP/1.1 200 OK"
2026-08-19 16:58:26,653 INFO    httpx: HTTP Request: GET http://localhost:11434/api/version "HTTP/1.1 200 OK"
2026-08-19 16:58:27,222 INFO    httpx: HTTP Request: GET http://localhost:11434/api/version "HTTP/1.1 200 OK"
2026-08-19 16:58:27,505 INFO    httpx: HTTP Request: GET http://localhost:11434/api/version "HTTP/1.1 200 OK"
2026-08-19 16:58:28,859 INFO    httpx: HTTP Request: GET http://localhost:11434/api/tags "HTTP/1.1 200 OK"
2026-08-19 16:58:29,693 INFO    httpx: HTTP Request: GET http://localhost:11434/api/tags "HTTP/1.1 200 OK"
2026-08-19 16:58:30,225 INFO    httpx: HTTP Request: GET http://localhost:11434/api/version "HTTP/1.1 200 OK"
2026-08-19 16:58:30,955 INFO    httpx: HTTP Request: GET http://localhost:11434/api/version "HTTP/1.1 200 OK"
2026-08-19 16:58:31,388 INFO    httpx: HTTP Request: GET http://localhost:11434/api/version "HTTP/1.1 200 OK"
2026-08-19 16:58:32,641 INFO    httpx: HTTP Request: GET http://localhost:11434/api/version "HTTP/1.1 200 OK"
2026-08-19 16:58:33,124 INFO    httpx: HTTP Request: GET http://localhost:11434/api/version "HTTP/1.1 200 OK"
2026-08-19 16:58:33,258 INFO    httpx: HTTP Request: GET http://localhost:11434/api/version "HTTP/1.1 200 OK"
2026-08-19 16:58:34,830 INFO    httpx: HTTP Request: GET http://localhost:11434/api/tags "HTTP/1.1 200 OK"
2026-08-19 16:58:35,311 INFO    httpx: HTTP Request: GET http://localhost:11434/api/tags "HTTP/1.1 200 OK"
2026-08-19 16:58:36,236 INFO    httpx: HTTP Request: GET http://localhost:11434/api/version "HTTP/1.1 200 OK"
2026-08-19 16:58:36,956 INFO    httpx: HTTP Request: GET http://localhost:11434/api/version "HTTP/1.1 200 OK"
2026-08-19 16:58:37,056 INFO    httpx: HTTP Request: GET http://localhost:11434/api/version "HTTP/1.1 200 OK"
2026-08-19 16:58:38,673 INFO    httpx: HTTP Request: GET http://localhost:11434/api/version "HTTP/1.1 200 OK"
2026-08-19 16:58:38,772 INFO    httpx: HTTP Request: GET http://localhost:11434/api/version "HTTP/1.1 200 OK"
2026-08-19 16:58:39,237 INFO    httpx: HTTP Request: GET http://localhost:11434/api/version "HTTP/1.1 200 OK"
2026-08-19 16:58:40,907 INFO    httpx: HTTP Request: GET http://localhost:11434/api/tags "HTTP/1.1 200 OK"
2026-08-19 16:58:41,017 INFO    httpx: HTTP Request: GET http://localhost:11434/api/tags "HTTP/1.1 200 OK"
2026-08-19 16:58:42,223 INFO    httpx: HTTP Request: GET http://localhost:11434/api/version "HTTP/1.1 200 OK"
2026-08-19 16:58:42,718 INFO    httpx: HTTP Request: GET http://localhost:11434/api/version "HTTP/1.1 200 OK"
2026-08-19 16:58:44,406 INFO    httpx: HTTP Request: GET http://localhost:11434/api/version "HTTP/1.1 200 OK"
2026-08-19 16:58:45,220 INFO    httpx: HTTP Request: GET http://localhost:11434/api/version "HTTP/1.1 200 OK"
2026-08-19 16:58:45,954 INFO    httpx: HTTP Request: GET http://localhost:11434/api/version "HTTP/1.1 200 OK"
2026-08-19 16:58:46,620 INFO    httpx: HTTP Request: GET http://localhost:11434/api/tags "HTTP/1.1 200 OK"
2026-08-19 16:58:47,640 INFO    httpx: HTTP Request: GET http://localhost:11434/api/version "HTTP/1.1 200 OK"
2026-08-19 16:58:48,270 INFO    httpx: HTTP Request: GET http://localhost:11434/api/version "HTTP/1.1 200 OK"
2026-08-19 16:58:48,355 INFO    httpx: HTTP Request: GET http://localhost:11434/api/version "HTTP/1.1 200 OK"
2026-08-19 16:58:49,829 INFO    httpx: HTTP Request: GET http://localhost:11434/api/tags "HTTP/1.1 200 OK"
2026-08-19 16:58:50,041 INFO    httpx: HTTP Request: GET http://localhost:11434/api/version "HTTP/1.1 200 OK"
2026-08-19 16:58:51,222 INFO    httpx: HTTP Request: GET http://localhost:11434/api/version "HTTP/1.1 200 OK"
2026-08-19 16:58:51,916 INFO    httpx: HTTP Request: GET http://localhost:11434/api/version "HTTP/1.1 200 OK"
2026-08-19 16:58:52,239 INFO    httpx: HTTP Request: GET http://localhost:11434/api/tags "HTTP/1.1 200 OK"
2026-08-19 16:58:53,615 INFO    httpx: HTTP Request: GET http://localhost:11434/api/version "HTTP/1.1 200 OK"
2026-08-19 16:58:53,929 INFO    httpx: HTTP Request: GET http://localhost:11434/api/version "HTTP/1.1 200 OK"
2026-08-19 16:58:54,229 INFO    httpx: HTTP Request: GET http://localhost:11434/api/version "HTTP/1.1 200 OK"
2026-08-19 16:58:55,615 INFO    httpx: HTTP Request: GET http://localhost:11434/api/version "HTTP/1.1 200 OK"
2026-08-19 16:58:55,814 INFO    httpx: HTTP Request: GET http://localhost:11434/api/tags "HTTP/1.1 200 OK"
2026-08-19 16:58:57,272 INFO    httpx: HTTP Request: GET http://localhost:11434/api/version "HTTP/1.1 200 OK"
2026-08-19 16:58:57,857 INFO    httpx: HTTP Request: GET http://localhost:11434/api/tags "HTTP/1.1 200 OK"
2026-08-19 16:58:57,937 INFO    httpx: HTTP Request: GET http://localhost:11434/api/version "HTTP/1.1 200 OK"
2026-08-19 16:58:59,608 INFO    httpx: HTTP Request: GET http://localhost:11434/api/version "HTTP/1.1 200 OK"
2026-08-19 16:58:59,684 INFO    httpx: HTTP Request: GET http://localhost:11434/api/version "HTTP/1.1 200 OK"
2026-08-19 16:59:00,223 INFO    httpx: HTTP Request: GET http://localhost:11434/api/version "HTTP/1.1 200 OK"
2026-08-19 16:59:01,326 INFO    httpx: HTTP Request: GET http://localhost:11434/api/version "HTTP/1.1 200 OK"
2026-08-19 16:59:01,901 INFO    httpx: HTTP Request: GET http://localhost:11434/api/tags "HTTP/1.1 200 OK"
2026-08-19 16:59:03,247 INFO    httpx: HTTP Request: GET http://localhost:11434/api/version "HTTP/1.1 200 OK"
2026-08-19 16:59:03,524 INFO    httpx: HTTP Request: GET http://localhost:11434/api/tags "HTTP/1.1 200 OK"
2026-08-19 16:59:03,915 INFO    httpx: HTTP Request: GET http://localhost:11434/api/version "HTTP/1.1 200 OK"
2026-08-19 16:59:05,224 INFO    httpx: HTTP Request: GET http://localhost:11434/api/version "HTTP/1.1 200 OK"
2026-08-19 16:59:05,603 INFO    httpx: HTTP Request: GET http://localhost:11434/api/version "HTTP/1.1 200 OK"
2026-08-19 16:59:06,223 INFO    httpx: HTTP Request: GET http://localhost:11434/api/version "HTTP/1.1 200 OK"
2026-08-19 16:59:06,911 INFO    httpx: HTTP Request: GET http://localhost:11434/api/version "HTTP/1.1 200 OK"
2026-08-19 16:59:07,789 INFO    httpx: HTTP Request: GET http://localhost:11434/api/tags "HTTP/1.1 200 OK"
2026-08-19 16:59:09,098 INFO    httpx: HTTP Request: GET http://localhost:11434/api/tags "HTTP/1.1 200 OK"
2026-08-19 16:59:09,219 INFO    httpx: HTTP Request: GET http://localhost:11434/api/version "HTTP/1.1 200 OK"
2026-08-19 16:59:09,960 INFO    httpx: HTTP Request: GET http://localhost:11434/api/version "HTTP/1.1 200 OK"
2026-08-19 16:59:10,786 INFO    httpx: HTTP Request: GET http://localhost:11434/api/version "HTTP/1.1 200 OK"
2026-08-19 16:59:11,648 INFO    httpx: HTTP Request: GET http://localhost:11434/api/version "HTTP/1.1 200 OK"
2026-08-19 16:59:12,248 INFO    httpx: HTTP Request: GET http://localhost:11434/api/version "HTTP/1.1 200 OK"
2026-08-19 16:59:12,483 INFO    httpx: HTTP Request: GET http://localhost:11434/api/version "HTTP/1.1 200 OK"
2026-08-19 16:59:13,835 INFO    httpx: HTTP Request: GET http://localhost:11434/api/tags "HTTP/1.1 200 OK"
2026-08-19 16:59:14,679 INFO    httpx: HTTP Request: GET http://localhost:11434/api/tags "HTTP/1.1 200 OK"
2026-08-19 16:59:15,217 INFO    httpx: HTTP Request: GET http://localhost:11434/api/version "HTTP/1.1 200 OK"
2026-08-19 16:59:15,929 INFO    httpx: HTTP Request: GET http://localhost:11434/api/version "HTTP/1.1 200 OK"
2026-08-19 16:59:16,367 INFO    httpx: HTTP Request: GET http://localhost:11434/api/version "HTTP/1.1 200 OK"
2026-08-19 16:59:17,617 INFO    httpx: HTTP Request: GET http://localhost:11434/api/version "HTTP/1.1 200 OK"
2026-08-19 16:59:18,059 INFO    httpx: HTTP Request: GET http://localhost:11434/api/version "HTTP/1.1 200 OK"
2026-08-19 16:59:18,220 INFO    httpx: HTTP Request: GET http://localhost:11434/api/version "HTTP/1.1 200 OK"
2026-08-19 16:59:19,802 INFO    httpx: HTTP Request: GET http://localhost:11434/api/tags "HTTP/1.1 200 OK"
2026-08-19 16:59:20,248 INFO    httpx: HTTP Request: GET http://localhost:11434/api/tags "HTTP/1.1 200 OK"
2026-08-19 16:59:21,219 INFO    httpx: HTTP Request: GET http://localhost:11434/api/version "HTTP/1.1 200 OK"
2026-08-19 16:59:21,987 INFO    httpx: HTTP Request: GET http://localhost:11434/api/version "HTTP/1.1 200 OK"
2026-08-19 16:59:22,010 INFO    httpx: HTTP Request: GET http://localhost:11434/api/version "HTTP/1.1 200 OK"
2026-08-19 16:59:23,731 INFO    httpx: HTTP Request: GET http://localhost:11434/api/version "HTTP/1.1 200 OK"
2026-08-19 16:59:23,765 INFO    httpx: HTTP Request: GET http://localhost:11434/api/version "HTTP/1.1 200 OK"
2026-08-19 16:59:24,238 INFO    httpx: HTTP Request: GET http://localhost:11434/api/version "HTTP/1.1 200 OK"
2026-08-19 16:59:25,982 INFO    httpx: HTTP Request: GET http://localhost:11434/api/tags "HTTP/1.1 200 OK"
2026-08-19 16:59:26,015 INFO    httpx: HTTP Request: GET http://localhost:11434/api/tags "HTTP/1.1 200 OK"
2026-08-19 16:59:27,223 INFO    httpx: HTTP Request: GET http://localhost:11434/api/version "HTTP/1.1 200 OK"
2026-08-19 16:59:27,705 INFO    httpx: HTTP Request: GET http://localhost:11434/api/version "HTTP/1.1 200 OK"
2026-08-19 16:59:29,395 INFO    httpx: HTTP Request: GET http://localhost:11434/api/version "HTTP/1.1 200 OK"
2026-08-19 16:59:30,229 INFO    httpx: HTTP Request: GET http://localhost:11434/api/version "HTTP/1.1 200 OK"
2026-08-19 16:59:30,918 INFO    httpx: HTTP Request: GET http://localhost:11434/api/version "HTTP/1.1 200 OK"
2026-08-19 16:59:31,585 INFO    httpx: HTTP Request: GET http://localhost:11434/api/tags "HTTP/1.1 200 OK"
2026-08-19 16:59:32,608 INFO    httpx: HTTP Request: GET http://localhost:11434/api/version "HTTP/1.1 200 OK"
2026-08-19 16:59:33,280 INFO    httpx: HTTP Request: GET http://localhost:11434/api/version "HTTP/1.1 200 OK"
2026-08-19 16:59:33,329 INFO    httpx: HTTP Request: GET http://localhost:11434/api/version "HTTP/1.1 200 OK"
2026-08-19 16:59:34,808 INFO    httpx: HTTP Request: GET http://localhost:11434/api/tags "HTTP/1.1 200 OK"
2026-08-19 16:59:35,031 INFO    httpx: HTTP Request: GET http://localhost:11434/api/version "HTTP/1.1 200 OK"
2026-08-19 16:59:36,243 INFO    httpx: HTTP Request: GET http://localhost:11434/api/version "HTTP/1.1 200 OK"
2026-08-19 16:59:36,919 INFO    httpx: HTTP Request: GET http://localhost:11434/api/version "HTTP/1.1 200 OK"
2026-08-19 16:59:37,230 INFO    httpx: HTTP Request: GET http://localhost:11434/api/tags "HTTP/1.1 200 OK"
2026-08-19 16:59:38,606 INFO    httpx: HTTP Request: GET http://localhost:11434/api/version "HTTP/1.1 200 OK"
2026-08-19 16:59:38,924 INFO    httpx: HTTP Request: GET http://localhost:11434/api/version "HTTP/1.1 200 OK"
2026-08-19 16:59:39,215 INFO    httpx: HTTP Request: GET http://localhost:11434/api/version "HTTP/1.1 200 OK"
2026-08-19 16:59:40,612 INFO    httpx: HTTP Request: GET http://localhost:11434/api/version "HTTP/1.1 200 OK"
2026-08-19 16:59:40,803 INFO    httpx: HTTP Request: GET http://localhost:11434/api/tags "HTTP/1.1 200 OK"
2026-08-19 16:59:42,234 INFO    httpx: HTTP Request: GET http://localhost:11434/api/version "HTTP/1.1 200 OK"
2026-08-19 16:59:42,818 INFO    httpx: HTTP Request: GET http://localhost:11434/api/tags "HTTP/1.1 200 OK"
2026-08-19 16:59:42,916 INFO    httpx: HTTP Request: GET http://localhost:11434/api/version "HTTP/1.1 200 OK"
2026-08-19 16:59:44,521 INFO    httpx: HTTP Request: GET http://localhost:11434/api/version "HTTP/1.1 200 OK"
2026-08-19 16:59:44,627 INFO    httpx: HTTP Request: GET http://localhost:11434/api/version "HTTP/1.1 200 OK"
2026-08-19 16:59:45,229 INFO    httpx: HTTP Request: GET http://localhost:11434/api/version "HTTP/1.1 200 OK"
2026-08-19 16:59:46,222 INFO    httpx: HTTP Request: GET http://localhost:11434/api/version "HTTP/1.1 200 OK"
2026-08-19 16:59:46,830 INFO    httpx: HTTP Request: GET http://localhost:11434/api/tags "HTTP/1.1 200 OK"
2026-08-19 16:59:48,220 INFO    httpx: HTTP Request: GET http://localhost:11434/api/version "HTTP/1.1 200 OK"
2026-08-19 16:59:48,415 INFO    httpx: HTTP Request: GET http://localhost:11434/api/tags "HTTP/1.1 200 OK"
2026-08-19 16:59:48,924 INFO    httpx: HTTP Request: GET http://localhost:11434/api/version "HTTP/1.1 200 OK"
2026-08-19 16:59:50,103 INFO    httpx: HTTP Request: GET http://localhost:11434/api/version "HTTP/1.1 200 OK"
2026-08-19 16:59:50,613 INFO    httpx: HTTP Request: GET http://localhost:11434/api/version "HTTP/1.1 200 OK"
2026-08-19 16:59:51,235 INFO    httpx: HTTP Request: GET http://localhost:11434/api/version "HTTP/1.1 200 OK"
2026-08-19 16:59:51,791 INFO    httpx: HTTP Request: GET http://localhost:11434/api/version "HTTP/1.1 200 OK"
2026-08-19 16:59:52,811 INFO    httpx: HTTP Request: GET http://localhost:11434/api/tags "HTTP/1.1 200 OK"
2026-08-19 16:59:53,982 INFO    httpx: HTTP Request: GET http://localhost:11434/api/tags "HTTP/1.1 200 OK"
2026-08-19 16:59:54,231 INFO    httpx: HTTP Request: GET http://localhost:11434/api/version "HTTP/1.1 200 OK"
2026-08-19 16:59:54,977 INFO    httpx: HTTP Request: GET http://localhost:11434/api/version "HTTP/1.1 200 OK"
2026-08-19 16:59:55,680 INFO    httpx: HTTP Request: GET http://localhost:11434/api/version "HTTP/1.1 200 OK"
2026-08-19 16:59:56,674 INFO    httpx: HTTP Request: GET http://localhost:11434/api/version "HTTP/1.1 200 OK"
2026-08-19 16:59:57,233 INFO    httpx: HTTP Request: GET http://localhost:11434/api/version "HTTP/1.1 200 OK"
2026-08-19 16:59:57,381 INFO    httpx: HTTP Request: GET http://localhost:11434/api/version "HTTP/1.1 200 OK"
2026-08-19 16:59:58,865 INFO    httpx: HTTP Request: GET http://localhost:11434/api/tags "HTTP/1.1 200 OK"
2026-08-19 16:59:59,567 INFO    httpx: HTTP Request: GET http://localhost:11434/api/tags "HTTP/1.1 200 OK"
2026-08-19 17:00:00,231 INFO    httpx: HTTP Request: GET http://localhost:11434/api/version "HTTP/1.1 200 OK"
2026-08-19 17:00:00,907 INFO    httpx: HTTP Request: GET http://localhost:11434/api/version "HTTP/1.1 200 OK"
2026-08-19 17:00:01,267 INFO    httpx: HTTP Request: GET http://localhost:11434/api/version "HTTP/1.1 200 OK"
2026-08-19 17:00:02,595 INFO    httpx: HTTP Request: GET http://localhost:11434/api/version "HTTP/1.1 200 OK"
2026-08-19 17:00:02,967 INFO    httpx: HTTP Request: GET http://localhost:11434/api/version "HTTP/1.1 200 OK"
2026-08-19 17:00:03,238 INFO    httpx: HTTP Request: GET http://localhost:11434/api/version "HTTP/1.1 200 OK"
2026-08-19 17:00:04,780 INFO    httpx: HTTP Request: GET http://localhost:11434/api/tags "HTTP/1.1 200 OK"
2026-08-19 17:00:05,163 INFO    httpx: HTTP Request: GET http://localhost:11434/api/tags "HTTP/1.1 200 OK"
2026-08-19 17:00:06,228 INFO    httpx: HTTP Request: GET http://localhost:11434/api/version "HTTP/1.1 200 OK"
2026-08-19 17:00:06,858 INFO    httpx: HTTP Request: GET http://localhost:11434/api/version "HTTP/1.1 200 OK"
2026-08-19 17:00:08,543 INFO    httpx: HTTP Request: GET http://localhost:11434/api/version "HTTP/1.1 200 OK"
2026-08-19 17:00:09,219 INFO    httpx: HTTP Request: GET http://localhost:11434/api/version "HTTP/1.1 200 OK"
2026-08-19 17:00:09,909 INFO    httpx: HTTP Request: GET http://localhost:11434/api/version "HTTP/1.1 200 OK"
2026-08-19 17:00:10,740 INFO    httpx: HTTP Request: GET http://localhost:11434/api/tags "HTTP/1.1 200 OK"
2026-08-19 17:00:11,595 INFO    httpx: HTTP Request: GET http://localhost:11434/api/version "HTTP/1.1 200 OK"
2026-08-19 17:00:12,266 INFO    httpx: HTTP Request: GET http://localhost:11434/api/version "HTTP/1.1 200 OK"
2026-08-19 17:00:12,440 INFO    httpx: HTTP Request: GET http://localhost:11434/api/version "HTTP/1.1 200 OK"
2026-08-19 17:00:13,797 INFO    httpx: HTTP Request: GET http://localhost:11434/api/tags "HTTP/1.1 200 OK"
2026-08-19 17:00:14,170 INFO    httpx: HTTP Request: GET http://localhost:11434/api/version "HTTP/1.1 200 OK"
2026-08-19 17:00:15,079 INFO    httpx: HTTP Request: GET http://localhost:11434/api/version "HTTP/1.1 200 OK"
2026-08-19 17:00:16,356 INFO    httpx: HTTP Request: GET http://localhost:11434/api/tags "HTTP/1.1 200 OK"
2026-08-19 17:00:16,768 INFO    httpx: HTTP Request: GET http://localhost:11434/api/version "HTTP/1.1 200 OK"
2026-08-19 17:00:17,997 INFO    httpx: HTTP Request: GET http://localhost:11434/api/version "HTTP/1.1 200 OK"
2026-08-19 17:00:18,454 INFO    httpx: HTTP Request: GET http://localhost:11434/api/version "HTTP/1.1 200 OK"
2026-08-19 17:00:20,457 INFO    httpx: HTTP Request: GET http://localhost:11434/api/version "HTTP/1.1 200 OK"
2026-08-19 17:00:20,649 INFO    httpx: HTTP Request: GET http://localhost:11434/api/tags "HTTP/1.1 200 OK"
2026-08-19 17:00:22,178 INFO    httpx: HTTP Request: GET http://localhost:11434/api/version "HTTP/1.1 200 OK"
2026-08-19 17:00:23,917 INFO    httpx: HTTP Request: GET http://localhost:11434/api/version "HTTP/1.1 200 OK"
2026-08-19 17:00:25,652 INFO    httpx: HTTP Request: GET http://localhost:11434/api/version "HTTP/1.1 200 OK"
2026-08-19 17:00:25,731 INFO    httpx: HTTP Request: GET http://localhost:11434/api/version "HTTP/1.1 200 OK"
2026-08-19 17:00:27,373 INFO    httpx: HTTP Request: GET http://localhost:11434/api/version "HTTP/1.1 200 OK"
2026-08-19 17:00:27,491 INFO    httpx: HTTP Request: GET http://localhost:11434/api/version "HTTP/1.1 200 OK"
2026-08-19 17:00:29,235 INFO    httpx: HTTP Request: GET http://localhost:11434/api/version "HTTP/1.1 200 OK"
2026-08-19 17:00:29,585 INFO    httpx: HTTP Request: GET http://localhost:11434/api/tags "HTTP/1.1 200 OK"
2026-08-19 17:00:30,967 INFO    httpx: HTTP Request: GET http://localhost:11434/api/version "HTTP/1.1 200 OK"
2026-08-19 17:00:31,296 INFO    httpx: HTTP Request: GET http://localhost:11434/api/version "HTTP/1.1 200 OK"
2026-08-19 17:00:33,039 INFO    httpx: HTTP Request: GET http://localhost:11434/api/version "HTTP/1.1 200 OK"
2026-08-19 17:00:33,055 INFO    httpx: HTTP Request: GET http://localhost:11434/api/version "HTTP/1.1 200 OK"
2026-08-19 17:00:35,247 INFO    httpx: HTTP Request: GET http://localhost:11434/api/tags "HTTP/1.1 200 OK"
2026-08-19 17:00:36,020 INFO    httpx: HTTP Request: GET http://localhost:11434/api/version "HTTP/1.1 200 OK"
2026-08-19 17:00:36,944 INFO    httpx: HTTP Request: GET http://localhost:11434/api/version "HTTP/1.1 200 OK"
2026-08-19 17:00:38,628 INFO    httpx: HTTP Request: GET http://localhost:11434/api/version "HTTP/1.1 200 OK"
2026-08-19 17:00:38,998 INFO    httpx: HTTP Request: GET http://localhost:11434/api/version "HTTP/1.1 200 OK"
2026-08-19 17:00:40,745 INFO    httpx: HTTP Request: GET http://localhost:11434/api/version "HTTP/1.1 200 OK"
2026-08-19 17:00:40,828 INFO    httpx: HTTP Request: GET http://localhost:11434/api/tags "HTTP/1.1 200 OK"
2026-08-19 17:00:42,501 INFO    httpx: HTTP Request: GET http://localhost:11434/api/version "HTTP/1.1 200 OK"
2026-08-19 17:00:42,545 INFO    httpx: HTTP Request: GET http://localhost:11434/api/version "HTTP/1.1 200 OK"
2026-08-19 17:00:44,248 INFO    httpx: HTTP Request: GET http://localhost:11434/api/version "HTTP/1.1 200 OK"
2026-08-19 17:00:44,996 INFO    httpx: HTTP Request: GET http://localhost:11434/api/version "HTTP/1.1 200 OK"
2026-08-19 17:00:46,435 INFO    httpx: HTTP Request: GET http://localhost:11434/api/tags "HTTP/1.1 200 OK"
2026-08-19 17:00:48,000 INFO    httpx: HTTP Request: GET http://localhost:11434/api/version "HTTP/1.1 200 OK"
2026-08-19 17:00:48,151 INFO    httpx: HTTP Request: GET http://localhost:11434/api/version "HTTP/1.1 200 OK"
2026-08-19 17:00:49,836 INFO    httpx: HTTP Request: GET http://localhost:11434/api/version "HTTP/1.1 200 OK"
2026-08-19 17:00:50,997 INFO    httpx: HTTP Request: GET http://localhost:11434/api/version "HTTP/1.1 200 OK"
2026-08-19 17:00:52,026 INFO    httpx: HTTP Request: GET http://localhost:11434/api/tags "HTTP/1.1 200 OK"
2026-08-19 17:00:53,717 INFO    httpx: HTTP Request: GET http://localhost:11434/api/version "HTTP/1.1 200 OK"
2026-08-19 17:00:53,995 INFO    httpx: HTTP Request: GET http://localhost:11434/api/version "HTTP/1.1 200 OK"
2026-08-19 17:00:55,414 INFO    httpx: HTTP Request: GET http://localhost:11434/api/version "HTTP/1.1 200 OK"
2026-08-19 17:00:57,016 INFO    httpx: HTTP Request: GET http://localhost:11434/api/version "HTTP/1.1 200 OK"
2026-08-19 17:00:57,616 INFO    httpx: HTTP Request: GET http://localhost:11434/api/tags "HTTP/1.1 200 OK"
2026-08-19 17:00:58,034 INFO    httpx: HTTP Request: GET http://localhost:11434/api/version "HTTP/1.1 200 OK"
2026-08-19 17:00:59,306 INFO    httpx: HTTP Request: GET http://localhost:11434/api/version "HTTP/1.1 200 OK"
2026-08-19 17:00:59,729 INFO    httpx: HTTP Request: GET http://localhost:11434/api/version "HTTP/1.1 200 OK"
2026-08-19 17:00:59,995 INFO    httpx: HTTP Request: GET http://localhost:11434/api/version "HTTP/1.1 200 OK"
2026-08-19 17:01:00,991 INFO    httpx: HTTP Request: GET http://localhost:11434/api/version "HTTP/1.1 200 OK"
2026-08-19 17:01:01,927 INFO    httpx: HTTP Request: GET http://localhost:11434/api/tags "HTTP/1.1 200 OK"
2026-08-19 17:01:02,433 INFO    httpx: HTTP Request: GET http://localhost:11434/api/version "HTTP/1.1 200 OK"
2026-08-19 17:01:03,186 INFO    httpx: HTTP Request: GET http://localhost:11434/api/tags "HTTP/1.1 200 OK"
2026-08-19 17:01:03,305 INFO    httpx: HTTP Request: GET http://localhost:11434/api/version "HTTP/1.1 200 OK"
2026-08-19 17:01:04,148 INFO    httpx: HTTP Request: GET http://localhost:11434/api/version "HTTP/1.1 200 OK"
2026-08-19 17:01:04,220 INFO    httpx: HTTP Request: GET http://localhost:11434/api/version "HTTP/1.1 200 OK"
2026-08-19 17:01:04,886 INFO    httpx: HTTP Request: GET http://localhost:11434/api/version "HTTP/1.1 200 OK"
2026-08-19 17:01:05,959 INFO    httpx: HTTP Request: GET http://localhost:11434/api/version "HTTP/1.1 200 OK"
2026-08-19 17:01:06,017 INFO    httpx: HTTP Request: GET http://localhost:11434/api/version "HTTP/1.1 200 OK"
2026-08-19 17:01:06,366 INFO    httpx: HTTP Request: GET http://localhost:11434/api/tags "HTTP/1.1 200 OK"
2026-08-19 17:01:06,574 INFO    httpx: HTTP Request: GET http://localhost:11434/api/version "HTTP/1.1 200 OK"
2026-08-19 17:01:08,149 INFO    httpx: HTTP Request: GET http://localhost:11434/api/tags "HTTP/1.1 200 OK"
2026-08-19 17:01:08,760 INFO    httpx: HTTP Request: GET http://localhost:11434/api/tags "HTTP/1.1 200 OK"
2026-08-19 17:01:08,983 INFO    httpx: HTTP Request: GET http://localhost:11434/api/version "HTTP/1.1 200 OK"
2026-08-19 17:01:09,699 INFO    httpx: HTTP Request: GET http://localhost:11434/api/version "HTTP/1.1 200 OK"
2026-08-19 17:01:10,466 INFO    httpx: HTTP Request: GET http://localhost:11434/api/version "HTTP/1.1 200 OK"
2026-08-19 17:01:11,386 INFO    httpx: HTTP Request: GET http://localhost:11434/api/version "HTTP/1.1 200 OK"
2026-08-19 17:01:11,997 INFO    httpx: HTTP Request: GET http://localhost:11434/api/version "HTTP/1.1 200 OK"
2026-08-19 17:01:12,165 INFO    httpx: HTTP Request: GET http://localhost:11434/api/version "HTTP/1.1 200 OK"
2026-08-19 17:01:13,576 INFO    httpx: HTTP Request: GET http://localhost:11434/api/tags "HTTP/1.1 200 OK"
2026-08-19 17:01:14,352 INFO    httpx: HTTP Request: GET http://localhost:11434/api/tags "HTTP/1.1 200 OK"
2026-08-19 17:01:14,984 INFO    httpx: HTTP Request: GET http://localhost:11434/api/version "HTTP/1.1 200 OK"
2026-08-19 17:01:15,696 INFO    httpx: HTTP Request: GET http://localhost:11434/api/version "HTTP/1.1 200 OK"
2026-08-19 17:01:16,055 INFO    httpx: HTTP Request: GET http://localhost:11434/api/version "HTTP/1.1 200 OK"
2026-08-19 17:01:17,392 INFO    httpx: HTTP Request: GET http://localhost:11434/api/version "HTTP/1.1 200 OK"
2026-08-19 17:01:17,740 INFO    httpx: HTTP Request: GET http://localhost:11434/api/version "HTTP/1.1 200 OK"
2026-08-19 17:01:18,016 INFO    httpx: HTTP Request: GET http://localhost:11434/api/version "HTTP/1.1 200 OK"
2026-08-19 17:01:19,579 INFO    httpx: HTTP Request: GET http://localhost:11434/api/tags "HTTP/1.1 200 OK"
2026-08-19 17:01:19,947 INFO    httpx: HTTP Request: GET http://localhost:11434/api/tags "HTTP/1.1 200 OK"
2026-08-19 17:01:21,020 INFO    httpx: HTTP Request: GET http://localhost:11434/api/version "HTTP/1.1 200 OK"
2026-08-19 17:01:21,636 INFO    httpx: HTTP Request: GET http://localhost:11434/api/version "HTTP/1.1 200 OK"
2026-08-19 17:01:23,333 INFO    httpx: HTTP Request: GET http://localhost:11434/api/version "HTTP/1.1 200 OK"
2026-08-19 17:01:23,987 INFO    httpx: HTTP Request: GET http://localhost:11434/api/version "HTTP/1.1 200 OK"
2026-08-19 17:01:25,030 INFO    httpx: HTTP Request: GET http://localhost:11434/api/version "HTTP/1.1 200 OK"
2026-08-19 17:01:25,545 INFO    httpx: HTTP Request: GET http://localhost:11434/api/tags "HTTP/1.1 200 OK"
2026-08-19 17:01:26,763 INFO    httpx: HTTP Request: GET http://localhost:11434/api/version "HTTP/1.1 200 OK"
